<?xml version="1.0" encoding="ISO-8859-1" ?>
<link_info>
   <banner>TI ARM Linker PC v18.1.2.LTS</banner>
   <copyright>Copyright (c) 1996-2017 Texas Instruments Incorporated</copyright>
   <link_time>0x5bb70652</link_time>
   <link_errors>0x0</link_errors>
   <output_file>lab4.out</output_file>
   <entry_point>
      <name>_c_int00_noinit_noargs</name>
      <address>0x825</address>
   </entry_point>
   <input_file_list>
      <input_file id="fl-2">
         <path>.\</path>
         <kind>object</kind>
         <file>main.obj</file>
         <name>main.obj</name>
      </input_file>
      <input_file id="fl-3">
         <path>.\</path>
         <kind>object</kind>
         <file>startup_ccs.obj</file>
         <name>startup_ccs.obj</name>
      </input_file>
      <input_file id="fl-8">
         <kind>object</kind>
         <file>&lt;internal&gt;</file>
         <name>&lt;internal&gt;</name>
      </input_file>
      <input_file id="fl-9">
         <path>C:\ti\TivaWare_C_Series-2.1.4.178\driverlib\ccs\Debug\</path>
         <kind>archive</kind>
         <file>driverlib.lib</file>
         <name>gpio.obj</name>
      </input_file>
      <input_file id="fl-a">
         <path>C:\ti\TivaWare_C_Series-2.1.4.178\driverlib\ccs\Debug\</path>
         <kind>archive</kind>
         <file>driverlib.lib</file>
         <name>interrupt.obj</name>
      </input_file>
      <input_file id="fl-b">
         <path>C:\ti\TivaWare_C_Series-2.1.4.178\driverlib\ccs\Debug\</path>
         <kind>archive</kind>
         <file>driverlib.lib</file>
         <name>sysctl.obj</name>
      </input_file>
      <input_file id="fl-c">
         <path>C:\ti\TivaWare_C_Series-2.1.4.178\driverlib\ccs\Debug\</path>
         <kind>archive</kind>
         <file>driverlib.lib</file>
         <name>timer.obj</name>
      </input_file>
      <input_file id="fl-d">
         <path>C:\ti\TivaWare_C_Series-2.1.4.178\driverlib\ccs\Debug\</path>
         <kind>archive</kind>
         <file>driverlib.lib</file>
         <name>cpu.obj</name>
      </input_file>
      <input_file id="fl-c3">
         <path>C:\ti\ccsv8\tools\compiler\ti-cgt-arm_18.1.2.LTS\lib\</path>
         <kind>archive</kind>
         <file>rtsv7M4_T_le_v4SPD16_eabi.lib</file>
         <name>copy_zero_init.c.obj</name>
      </input_file>
      <input_file id="fl-c4">
         <path>C:\ti\ccsv8\tools\compiler\ti-cgt-arm_18.1.2.LTS\lib\</path>
         <kind>archive</kind>
         <file>rtsv7M4_T_le_v4SPD16_eabi.lib</file>
         <name>copy_decompress_none.c.obj</name>
      </input_file>
      <input_file id="fl-c5">
         <path>C:\ti\ccsv8\tools\compiler\ti-cgt-arm_18.1.2.LTS\lib\</path>
         <kind>archive</kind>
         <file>rtsv7M4_T_le_v4SPD16_eabi.lib</file>
         <name>copy_decompress_lzss.c.obj</name>
      </input_file>
      <input_file id="fl-c6">
         <path>C:\ti\ccsv8\tools\compiler\ti-cgt-arm_18.1.2.LTS\lib\</path>
         <kind>archive</kind>
         <file>rtsv7M4_T_le_v4SPD16_eabi.lib</file>
         <name>boot_cortex_m.c.obj</name>
      </input_file>
      <input_file id="fl-c7">
         <path>C:\ti\ccsv8\tools\compiler\ti-cgt-arm_18.1.2.LTS\lib\</path>
         <kind>archive</kind>
         <file>rtsv7M4_T_le_v4SPD16_eabi.lib</file>
         <name>exit.c.obj</name>
      </input_file>
      <input_file id="fl-c8">
         <path>C:\ti\ccsv8\tools\compiler\ti-cgt-arm_18.1.2.LTS\lib\</path>
         <kind>archive</kind>
         <file>rtsv7M4_T_le_v4SPD16_eabi.lib</file>
         <name>_lock.c.obj</name>
      </input_file>
      <input_file id="fl-c9">
         <path>C:\ti\ccsv8\tools\compiler\ti-cgt-arm_18.1.2.LTS\lib\</path>
         <kind>archive</kind>
         <file>rtsv7M4_T_le_v4SPD16_eabi.lib</file>
         <name>args_main.c.obj</name>
      </input_file>
      <input_file id="fl-ca">
         <path>C:\ti\ccsv8\tools\compiler\ti-cgt-arm_18.1.2.LTS\lib\</path>
         <kind>archive</kind>
         <file>rtsv7M4_T_le_v4SPD16_eabi.lib</file>
         <name>memset_t2.asm.obj</name>
      </input_file>
      <input_file id="fl-cb">
         <path>C:\ti\ccsv8\tools\compiler\ti-cgt-arm_18.1.2.LTS\lib\</path>
         <kind>archive</kind>
         <file>rtsv7M4_T_le_v4SPD16_eabi.lib</file>
         <name>memcpy_t2.asm.obj</name>
      </input_file>
      <input_file id="fl-cc">
         <path>C:\ti\ccsv8\tools\compiler\ti-cgt-arm_18.1.2.LTS\lib\</path>
         <kind>archive</kind>
         <file>rtsv7M4_T_le_v4SPD16_eabi.lib</file>
         <name>autoinit.c.obj</name>
      </input_file>
      <input_file id="fl-cd">
         <path>C:\ti\ccsv8\tools\compiler\ti-cgt-arm_18.1.2.LTS\lib\</path>
         <kind>archive</kind>
         <file>rtsv7M4_T_le_v4SPD16_eabi.lib</file>
         <name>pre_init.c.obj</name>
      </input_file>
      <input_file id="fl-ce">
         <path>C:\ti\ccsv8\tools\compiler\ti-cgt-arm_18.1.2.LTS\lib\</path>
         <kind>archive</kind>
         <file>rtsv7M4_T_le_v4SPD16_eabi.lib</file>
         <name>cpy_tbl.c.obj</name>
      </input_file>
   </input_file_list>
   <object_component_list>
      <object_component id="oc-f">
         <name>.intvecs</name>
         <load_address>0x0</load_address>
         <run_address>0x0</run_address>
         <size>0x26c</size>
         <input_file_ref idref="fl-3"/>
      </object_component>
      <object_component id="oc-125">
         <name>.text:GPIOPadConfigSet</name>
         <load_address>0x26c</load_address>
         <run_address>0x26c</run_address>
         <size>0x132</size>
         <input_file_ref idref="fl-9"/>
      </object_component>
      <object_component id="oc-2a">
         <name>.text</name>
         <load_address>0x3a0</load_address>
         <run_address>0x3a0</run_address>
         <size>0x12c</size>
         <input_file_ref idref="fl-2"/>
      </object_component>
      <object_component id="oc-a1">
         <name>.text:SysCtlClockGet</name>
         <load_address>0x4cc</load_address>
         <run_address>0x4cc</run_address>
         <size>0x110</size>
         <input_file_ref idref="fl-b"/>
      </object_component>
      <object_component id="oc-71">
         <name>.text:SysCtlClockSet</name>
         <load_address>0x5dc</load_address>
         <run_address>0x5dc</run_address>
         <size>0xf4</size>
         <input_file_ref idref="fl-b"/>
      </object_component>
      <object_component id="oc-89">
         <name>.text:IntEnable</name>
         <load_address>0x6d0</load_address>
         <run_address>0x6d0</run_address>
         <size>0x68</size>
         <input_file_ref idref="fl-a"/>
      </object_component>
      <object_component id="oc-9b">
         <name>.text:TimerConfigure</name>
         <load_address>0x738</load_address>
         <run_address>0x738</run_address>
         <size>0x60</size>
         <input_file_ref idref="fl-c"/>
      </object_component>
      <object_component id="oc-8f">
         <name>.text:GPIOIntTypeSet</name>
         <load_address>0x798</load_address>
         <run_address>0x798</run_address>
         <size>0x56</size>
         <input_file_ref idref="fl-9"/>
      </object_component>
      <object_component id="oc-77">
         <name>.text:SysCtlPeripheralEnable</name>
         <load_address>0x7f0</load_address>
         <run_address>0x7f0</run_address>
         <size>0x34</size>
         <input_file_ref idref="fl-b"/>
      </object_component>
      <object_component id="oc-56">
         <name>.text:_c_int00_noinit_noargs:_c_int00_noinit_noargs</name>
         <load_address>0x824</load_address>
         <run_address>0x824</run_address>
         <size>0x30</size>
         <input_file_ref idref="fl-c6"/>
      </object_component>
      <object_component id="oc-12b">
         <name>.text:GPIODirModeSet</name>
         <load_address>0x854</load_address>
         <run_address>0x854</run_address>
         <size>0x2a</size>
         <input_file_ref idref="fl-9"/>
      </object_component>
      <object_component id="oc-7d">
         <name>.text:GPIOPinTypeGPIOOutput</name>
         <load_address>0x87e</load_address>
         <run_address>0x87e</run_address>
         <size>0x18</size>
         <input_file_ref idref="fl-9"/>
      </object_component>
      <object_component id="oc-d7">
         <name>.text:TimerDisable</name>
         <load_address>0x898</load_address>
         <run_address>0x898</run_address>
         <size>0x18</size>
         <input_file_ref idref="fl-c"/>
      </object_component>
      <object_component id="oc-83">
         <name>.text:GPIOPinTypeGPIOInput</name>
         <load_address>0x8b0</load_address>
         <run_address>0x8b0</run_address>
         <size>0x12</size>
         <input_file_ref idref="fl-9"/>
      </object_component>
      <object_component id="oc-a7">
         <name>.text:TimerLoadSet</name>
         <load_address>0x8c2</load_address>
         <run_address>0x8c2</run_address>
         <size>0x12</size>
         <input_file_ref idref="fl-c"/>
      </object_component>
      <object_component id="oc-b3">
         <name>.text:IntMasterEnable</name>
         <load_address>0x8d4</load_address>
         <run_address>0x8d4</run_address>
         <size>0x10</size>
         <input_file_ref idref="fl-a"/>
      </object_component>
      <object_component id="oc-b9">
         <name>.text:TimerEnable</name>
         <load_address>0x8e4</load_address>
         <run_address>0x8e4</run_address>
         <size>0xe</size>
         <input_file_ref idref="fl-c"/>
      </object_component>
      <object_component id="oc-143">
         <name>.text:CPUcpsie</name>
         <load_address>0x8f2</load_address>
         <run_address>0x8f2</run_address>
         <size>0xc</size>
         <input_file_ref idref="fl-d"/>
      </object_component>
      <object_component id="oc-95">
         <name>.text:GPIOIntEnable</name>
         <load_address>0x8fe</load_address>
         <run_address>0x8fe</run_address>
         <size>0xc</size>
         <input_file_ref idref="fl-9"/>
      </object_component>
      <object_component id="oc-24">
         <name>.text</name>
         <load_address>0x90a</load_address>
         <run_address>0x90a</run_address>
         <size>0xc</size>
         <input_file_ref idref="fl-3"/>
      </object_component>
      <object_component id="oc-ad">
         <name>.text:TimerIntEnable</name>
         <load_address>0x916</load_address>
         <run_address>0x916</run_address>
         <size>0x8</size>
         <input_file_ref idref="fl-c"/>
      </object_component>
      <object_component id="oc-d1">
         <name>.text:GPIOIntClear</name>
         <load_address>0x91e</load_address>
         <run_address>0x91e</run_address>
         <size>0x6</size>
         <input_file_ref idref="fl-9"/>
      </object_component>
      <object_component id="oc-c5">
         <name>.text:GPIOPinRead</name>
         <load_address>0x924</load_address>
         <run_address>0x924</run_address>
         <size>0x6</size>
         <input_file_ref idref="fl-9"/>
      </object_component>
      <object_component id="oc-cb">
         <name>.text:GPIOPinWrite</name>
         <load_address>0x92a</load_address>
         <run_address>0x92a</run_address>
         <size>0x6</size>
         <input_file_ref idref="fl-9"/>
      </object_component>
      <object_component id="oc-11c">
         <name>.text:SysCtlDelay</name>
         <load_address>0x930</load_address>
         <run_address>0x930</run_address>
         <size>0x6</size>
         <input_file_ref idref="fl-b"/>
      </object_component>
      <object_component id="oc-bf">
         <name>.text:TimerIntClear</name>
         <load_address>0x936</load_address>
         <run_address>0x936</run_address>
         <size>0x4</size>
         <input_file_ref idref="fl-c"/>
      </object_component>
      <object_component id="oc-10a">
         <name>.text:_system_pre_init</name>
         <load_address>0x93a</load_address>
         <run_address>0x93a</run_address>
         <size>0x4</size>
         <input_file_ref idref="fl-cd"/>
      </object_component>
      <object_component id="oc-166">
         <name>.text:abort:abort</name>
         <load_address>0x93e</load_address>
         <run_address>0x93e</run_address>
         <size>0x4</size>
         <input_file_ref idref="fl-c7"/>
      </object_component>
      <object_component id="oc-134">
         <name>.const</name>
         <load_address>0x944</load_address>
         <run_address>0x944</run_address>
         <size>0x70</size>
         <input_file_ref idref="fl-a"/>
      </object_component>
      <object_component id="oc-13d">
         <name>.const:g_pui32Xtals</name>
         <load_address>0x9b4</load_address>
         <run_address>0x9b4</run_address>
         <size>0x6c</size>
         <input_file_ref idref="fl-b"/>
      </object_component>
      <object_component id="oc-21">
         <name>.stack</name>
         <uninitialized>true</uninitialized>
         <run_address>0x20000000</run_address>
         <size>0x4</size>
         <input_file_ref idref="fl-c6"/>
      </object_component>
      <object_component id="oc-232">
         <name>.stack</name>
         <uninitialized>true</uninitialized>
         <run_address>0x20000000</run_address>
         <size>0x0</size>
      </object_component>
      <object_component id="oc-155">
         <name>.debug_info</name>
         <load_address>0x0</load_address>
         <run_address>0x0</run_address>
         <size>0x5e5</size>
         <input_file_ref idref="fl-2"/>
      </object_component>
      <object_component id="oc-2b">
         <name>.debug_info</name>
         <load_address>0x5e5</load_address>
         <run_address>0x5e5</run_address>
         <size>0x3ff</size>
         <input_file_ref idref="fl-2"/>
      </object_component>
      <object_component id="oc-ea">
         <name>.debug_info</name>
         <load_address>0x9e4</load_address>
         <run_address>0x9e4</run_address>
         <size>0x26b</size>
         <input_file_ref idref="fl-2"/>
      </object_component>
      <object_component id="oc-de">
         <name>.debug_info</name>
         <load_address>0xc4f</load_address>
         <run_address>0xc4f</run_address>
         <size>0x8b</size>
         <input_file_ref idref="fl-2"/>
      </object_component>
      <object_component id="oc-150">
         <name>.debug_info</name>
         <load_address>0xcda</load_address>
         <run_address>0xcda</run_address>
         <size>0x297</size>
         <input_file_ref idref="fl-2"/>
      </object_component>
      <object_component id="oc-e3">
         <name>.debug_info</name>
         <load_address>0xf71</load_address>
         <run_address>0xf71</run_address>
         <size>0xbb</size>
         <input_file_ref idref="fl-2"/>
      </object_component>
      <object_component id="oc-32">
         <name>.debug_info</name>
         <load_address>0x102c</load_address>
         <run_address>0x102c</run_address>
         <size>0x2ee</size>
         <input_file_ref idref="fl-3"/>
      </object_component>
      <object_component id="oc-10">
         <name>.debug_info</name>
         <load_address>0x131a</load_address>
         <run_address>0x131a</run_address>
         <size>0xdd</size>
         <input_file_ref idref="fl-3"/>
      </object_component>
      <object_component id="oc-26">
         <name>.debug_info</name>
         <load_address>0x13f7</load_address>
         <run_address>0x13f7</run_address>
         <size>0x1f1</size>
         <input_file_ref idref="fl-3"/>
      </object_component>
      <object_component id="oc-39">
         <name>.debug_info</name>
         <load_address>0x15e8</load_address>
         <run_address>0x15e8</run_address>
         <size>0x84</size>
         <input_file_ref idref="fl-3"/>
      </object_component>
      <object_component id="oc-132">
         <name>.debug_info</name>
         <load_address>0x166c</load_address>
         <run_address>0x166c</run_address>
         <size>0x240</size>
         <input_file_ref idref="fl-9"/>
      </object_component>
      <object_component id="oc-cc">
         <name>.debug_info</name>
         <load_address>0x18ac</load_address>
         <run_address>0x18ac</run_address>
         <size>0x2a3</size>
         <input_file_ref idref="fl-9"/>
      </object_component>
      <object_component id="oc-12c">
         <name>.debug_info</name>
         <load_address>0x1b4f</load_address>
         <run_address>0x1b4f</run_address>
         <size>0x2b3</size>
         <input_file_ref idref="fl-9"/>
      </object_component>
      <object_component id="oc-126">
         <name>.debug_info</name>
         <load_address>0x1e02</load_address>
         <run_address>0x1e02</run_address>
         <size>0x316</size>
         <input_file_ref idref="fl-9"/>
      </object_component>
      <object_component id="oc-7e">
         <name>.debug_info</name>
         <load_address>0x2118</load_address>
         <run_address>0x2118</run_address>
         <size>0x2b7</size>
         <input_file_ref idref="fl-9"/>
      </object_component>
      <object_component id="oc-84">
         <name>.debug_info</name>
         <load_address>0x23cf</load_address>
         <run_address>0x23cf</run_address>
         <size>0x285</size>
         <input_file_ref idref="fl-9"/>
      </object_component>
      <object_component id="oc-c6">
         <name>.debug_info</name>
         <load_address>0x2654</load_address>
         <run_address>0x2654</run_address>
         <size>0x27b</size>
         <input_file_ref idref="fl-9"/>
      </object_component>
      <object_component id="oc-90">
         <name>.debug_info</name>
         <load_address>0x28cf</load_address>
         <run_address>0x28cf</run_address>
         <size>0x2bb</size>
         <input_file_ref idref="fl-9"/>
      </object_component>
      <object_component id="oc-96">
         <name>.debug_info</name>
         <load_address>0x2b8a</load_address>
         <run_address>0x2b8a</run_address>
         <size>0x28f</size>
         <input_file_ref idref="fl-9"/>
      </object_component>
      <object_component id="oc-d2">
         <name>.debug_info</name>
         <load_address>0x2e19</load_address>
         <run_address>0x2e19</run_address>
         <size>0x28d</size>
         <input_file_ref idref="fl-9"/>
      </object_component>
      <object_component id="oc-11e">
         <name>.debug_info</name>
         <load_address>0x30a6</load_address>
         <run_address>0x30a6</run_address>
         <size>0x18b</size>
         <input_file_ref idref="fl-9"/>
      </object_component>
      <object_component id="oc-138">
         <name>.debug_info</name>
         <load_address>0x3231</load_address>
         <run_address>0x3231</run_address>
         <size>0x20e</size>
         <input_file_ref idref="fl-a"/>
      </object_component>
      <object_component id="oc-135">
         <name>.debug_info</name>
         <load_address>0x343f</load_address>
         <run_address>0x343f</run_address>
         <size>0x210</size>
         <input_file_ref idref="fl-a"/>
      </object_component>
      <object_component id="oc-b4">
         <name>.debug_info</name>
         <load_address>0x364f</load_address>
         <run_address>0x364f</run_address>
         <size>0x23e</size>
         <input_file_ref idref="fl-a"/>
      </object_component>
      <object_component id="oc-8a">
         <name>.debug_info</name>
         <load_address>0x388d</load_address>
         <run_address>0x388d</run_address>
         <size>0x268</size>
         <input_file_ref idref="fl-a"/>
      </object_component>
      <object_component id="oc-123">
         <name>.debug_info</name>
         <load_address>0x3af5</load_address>
         <run_address>0x3af5</run_address>
         <size>0x298</size>
         <input_file_ref idref="fl-b"/>
      </object_component>
      <object_component id="oc-13e">
         <name>.debug_info</name>
         <load_address>0x3d8d</load_address>
         <run_address>0x3d8d</run_address>
         <size>0x14d</size>
         <input_file_ref idref="fl-b"/>
      </object_component>
      <object_component id="oc-78">
         <name>.debug_info</name>
         <load_address>0x3eda</load_address>
         <run_address>0x3eda</run_address>
         <size>0x27d</size>
         <input_file_ref idref="fl-b"/>
      </object_component>
      <object_component id="oc-72">
         <name>.debug_info</name>
         <load_address>0x4157</load_address>
         <run_address>0x4157</run_address>
         <size>0x2db</size>
         <input_file_ref idref="fl-b"/>
      </object_component>
      <object_component id="oc-a2">
         <name>.debug_info</name>
         <load_address>0x4432</load_address>
         <run_address>0x4432</run_address>
         <size>0x2b5</size>
         <input_file_ref idref="fl-b"/>
      </object_component>
      <object_component id="oc-1a6">
         <name>.debug_info</name>
         <load_address>0x46e7</load_address>
         <run_address>0x46e7</run_address>
         <size>0x5f</size>
         <input_file_ref idref="fl-b"/>
      </object_component>
      <object_component id="oc-13c">
         <name>.debug_info</name>
         <load_address>0x4746</load_address>
         <run_address>0x4746</run_address>
         <size>0x223</size>
         <input_file_ref idref="fl-c"/>
      </object_component>
      <object_component id="oc-a8">
         <name>.debug_info</name>
         <load_address>0x4969</load_address>
         <run_address>0x4969</run_address>
         <size>0x2ba</size>
         <input_file_ref idref="fl-c"/>
      </object_component>
      <object_component id="oc-ae">
         <name>.debug_info</name>
         <load_address>0x4c23</load_address>
         <run_address>0x4c23</run_address>
         <size>0x294</size>
         <input_file_ref idref="fl-c"/>
      </object_component>
      <object_component id="oc-c0">
         <name>.debug_info</name>
         <load_address>0x4eb7</load_address>
         <run_address>0x4eb7</run_address>
         <size>0x292</size>
         <input_file_ref idref="fl-c"/>
      </object_component>
      <object_component id="oc-ba">
         <name>.debug_info</name>
         <load_address>0x5149</load_address>
         <run_address>0x5149</run_address>
         <size>0x27f</size>
         <input_file_ref idref="fl-c"/>
      </object_component>
      <object_component id="oc-d8">
         <name>.debug_info</name>
         <load_address>0x53c8</load_address>
         <run_address>0x53c8</run_address>
         <size>0x281</size>
         <input_file_ref idref="fl-c"/>
      </object_component>
      <object_component id="oc-9c">
         <name>.debug_info</name>
         <load_address>0x5649</load_address>
         <run_address>0x5649</run_address>
         <size>0x28c</size>
         <input_file_ref idref="fl-c"/>
      </object_component>
      <object_component id="oc-144">
         <name>.debug_info</name>
         <load_address>0x58d5</load_address>
         <run_address>0x58d5</run_address>
         <size>0x212</size>
         <input_file_ref idref="fl-d"/>
      </object_component>
      <object_component id="oc-22">
         <name>.debug_info</name>
         <load_address>0x5ae7</load_address>
         <run_address>0x5ae7</run_address>
         <size>0x100</size>
         <input_file_ref idref="fl-c6"/>
      </object_component>
      <object_component id="oc-58">
         <name>.debug_info</name>
         <load_address>0x5be7</load_address>
         <run_address>0x5be7</run_address>
         <size>0x19d</size>
         <input_file_ref idref="fl-c6"/>
      </object_component>
      <object_component id="oc-168">
         <name>.debug_info</name>
         <load_address>0x5d84</load_address>
         <run_address>0x5d84</run_address>
         <size>0x117</size>
         <input_file_ref idref="fl-c7"/>
      </object_component>
      <object_component id="oc-10e">
         <name>.debug_info</name>
         <load_address>0x5e9b</load_address>
         <run_address>0x5e9b</run_address>
         <size>0x148</size>
         <input_file_ref idref="fl-cd"/>
      </object_component>
      <object_component id="oc-233">
         <name>.debug_info</name>
         <load_address>0x5fe3</load_address>
         <run_address>0x5fe3</run_address>
         <size>0xa0</size>
      </object_component>
      <object_component id="oc-1b9">
         <name>.debug_line</name>
         <load_address>0x0</load_address>
         <run_address>0x0</run_address>
         <size>0x100</size>
         <input_file_ref idref="fl-2"/>
      </object_component>
      <object_component id="oc-2e">
         <name>.debug_line</name>
         <load_address>0x100</load_address>
         <run_address>0x100</run_address>
         <size>0x99</size>
         <input_file_ref idref="fl-2"/>
      </object_component>
      <object_component id="oc-ed">
         <name>.debug_line</name>
         <load_address>0x199</load_address>
         <run_address>0x199</run_address>
         <size>0x69</size>
         <input_file_ref idref="fl-2"/>
      </object_component>
      <object_component id="oc-e1">
         <name>.debug_line</name>
         <load_address>0x202</load_address>
         <run_address>0x202</run_address>
         <size>0x20</size>
         <input_file_ref idref="fl-2"/>
      </object_component>
      <object_component id="oc-153">
         <name>.debug_line</name>
         <load_address>0x222</load_address>
         <run_address>0x222</run_address>
         <size>0x6d</size>
         <input_file_ref idref="fl-2"/>
      </object_component>
      <object_component id="oc-e6">
         <name>.debug_line</name>
         <load_address>0x28f</load_address>
         <run_address>0x28f</run_address>
         <size>0x6a</size>
         <input_file_ref idref="fl-2"/>
      </object_component>
      <object_component id="oc-e9">
         <name>.debug_line</name>
         <load_address>0x2f9</load_address>
         <run_address>0x2f9</run_address>
         <size>0x34</size>
         <input_file_ref idref="fl-3"/>
      </object_component>
      <object_component id="oc-31">
         <name>.debug_line</name>
         <load_address>0x32d</load_address>
         <run_address>0x32d</run_address>
         <size>0x34</size>
         <input_file_ref idref="fl-3"/>
      </object_component>
      <object_component id="oc-29">
         <name>.debug_line</name>
         <load_address>0x361</load_address>
         <run_address>0x361</run_address>
         <size>0x94</size>
         <input_file_ref idref="fl-3"/>
      </object_component>
      <object_component id="oc-3c">
         <name>.debug_line</name>
         <load_address>0x3f5</load_address>
         <run_address>0x3f5</run_address>
         <size>0x20</size>
         <input_file_ref idref="fl-3"/>
      </object_component>
      <object_component id="oc-1ae">
         <name>.debug_line</name>
         <load_address>0x415</load_address>
         <run_address>0x415</run_address>
         <size>0x82</size>
         <input_file_ref idref="fl-9"/>
      </object_component>
      <object_component id="oc-cf">
         <name>.debug_line</name>
         <load_address>0x497</load_address>
         <run_address>0x497</run_address>
         <size>0x92</size>
         <input_file_ref idref="fl-9"/>
      </object_component>
      <object_component id="oc-12f">
         <name>.debug_line</name>
         <load_address>0x529</load_address>
         <run_address>0x529</run_address>
         <size>0x95</size>
         <input_file_ref idref="fl-9"/>
      </object_component>
      <object_component id="oc-129">
         <name>.debug_line</name>
         <load_address>0x5be</load_address>
         <run_address>0x5be</run_address>
         <size>0xd1</size>
         <input_file_ref idref="fl-9"/>
      </object_component>
      <object_component id="oc-81">
         <name>.debug_line</name>
         <load_address>0x68f</load_address>
         <run_address>0x68f</run_address>
         <size>0x99</size>
         <input_file_ref idref="fl-9"/>
      </object_component>
      <object_component id="oc-87">
         <name>.debug_line</name>
         <load_address>0x728</load_address>
         <run_address>0x728</run_address>
         <size>0x93</size>
         <input_file_ref idref="fl-9"/>
      </object_component>
      <object_component id="oc-c9">
         <name>.debug_line</name>
         <load_address>0x7bb</load_address>
         <run_address>0x7bb</run_address>
         <size>0x92</size>
         <input_file_ref idref="fl-9"/>
      </object_component>
      <object_component id="oc-93">
         <name>.debug_line</name>
         <load_address>0x84d</load_address>
         <run_address>0x84d</run_address>
         <size>0x99</size>
         <input_file_ref idref="fl-9"/>
      </object_component>
      <object_component id="oc-99">
         <name>.debug_line</name>
         <load_address>0x8e6</load_address>
         <run_address>0x8e6</run_address>
         <size>0x92</size>
         <input_file_ref idref="fl-9"/>
      </object_component>
      <object_component id="oc-d5">
         <name>.debug_line</name>
         <load_address>0x978</load_address>
         <run_address>0x978</run_address>
         <size>0x92</size>
         <input_file_ref idref="fl-9"/>
      </object_component>
      <object_component id="oc-121">
         <name>.debug_line</name>
         <load_address>0xa0a</load_address>
         <run_address>0xa0a</run_address>
         <size>0x69</size>
         <input_file_ref idref="fl-9"/>
      </object_component>
      <object_component id="oc-1b2">
         <name>.debug_line</name>
         <load_address>0xa73</load_address>
         <run_address>0xa73</run_address>
         <size>0x7c</size>
         <input_file_ref idref="fl-a"/>
      </object_component>
      <object_component id="oc-1b0">
         <name>.debug_line</name>
         <load_address>0xaef</load_address>
         <run_address>0xaef</run_address>
         <size>0x82</size>
         <input_file_ref idref="fl-a"/>
      </object_component>
      <object_component id="oc-b7">
         <name>.debug_line</name>
         <load_address>0xb71</load_address>
         <run_address>0xb71</run_address>
         <size>0x97</size>
         <input_file_ref idref="fl-a"/>
      </object_component>
      <object_component id="oc-8d">
         <name>.debug_line</name>
         <load_address>0xc08</load_address>
         <run_address>0xc08</run_address>
         <size>0xc2</size>
         <input_file_ref idref="fl-a"/>
      </object_component>
      <object_component id="oc-1a5">
         <name>.debug_line</name>
         <load_address>0xcca</load_address>
         <run_address>0xcca</run_address>
         <size>0x13d</size>
         <input_file_ref idref="fl-b"/>
      </object_component>
      <object_component id="oc-1b6">
         <name>.debug_line</name>
         <load_address>0xe07</load_address>
         <run_address>0xe07</run_address>
         <size>0x7f</size>
         <input_file_ref idref="fl-b"/>
      </object_component>
      <object_component id="oc-7b">
         <name>.debug_line</name>
         <load_address>0xe86</load_address>
         <run_address>0xe86</run_address>
         <size>0x94</size>
         <input_file_ref idref="fl-b"/>
      </object_component>
      <object_component id="oc-75">
         <name>.debug_line</name>
         <load_address>0xf1a</load_address>
         <run_address>0xf1a</run_address>
         <size>0xee</size>
         <input_file_ref idref="fl-b"/>
      </object_component>
      <object_component id="oc-a5">
         <name>.debug_line</name>
         <load_address>0x1008</load_address>
         <run_address>0x1008</run_address>
         <size>0x11a</size>
         <input_file_ref idref="fl-b"/>
      </object_component>
      <object_component id="oc-1a9">
         <name>.debug_line</name>
         <load_address>0x1122</load_address>
         <run_address>0x1122</run_address>
         <size>0x7f</size>
         <input_file_ref idref="fl-b"/>
      </object_component>
      <object_component id="oc-1b4">
         <name>.debug_line</name>
         <load_address>0x11a1</load_address>
         <run_address>0x11a1</run_address>
         <size>0x82</size>
         <input_file_ref idref="fl-c"/>
      </object_component>
      <object_component id="oc-ab">
         <name>.debug_line</name>
         <load_address>0x1223</load_address>
         <run_address>0x1223</run_address>
         <size>0x9c</size>
         <input_file_ref idref="fl-c"/>
      </object_component>
      <object_component id="oc-b1">
         <name>.debug_line</name>
         <load_address>0x12bf</load_address>
         <run_address>0x12bf</run_address>
         <size>0x93</size>
         <input_file_ref idref="fl-c"/>
      </object_component>
      <object_component id="oc-c3">
         <name>.debug_line</name>
         <load_address>0x1352</load_address>
         <run_address>0x1352</run_address>
         <size>0x93</size>
         <input_file_ref idref="fl-c"/>
      </object_component>
      <object_component id="oc-bd">
         <name>.debug_line</name>
         <load_address>0x13e5</load_address>
         <run_address>0x13e5</run_address>
         <size>0x93</size>
         <input_file_ref idref="fl-c"/>
      </object_component>
      <object_component id="oc-db">
         <name>.debug_line</name>
         <load_address>0x1478</load_address>
         <run_address>0x1478</run_address>
         <size>0x93</size>
         <input_file_ref idref="fl-c"/>
      </object_component>
      <object_component id="oc-9f">
         <name>.debug_line</name>
         <load_address>0x150b</load_address>
         <run_address>0x150b</run_address>
         <size>0xb7</size>
         <input_file_ref idref="fl-c"/>
      </object_component>
      <object_component id="oc-147">
         <name>.debug_line</name>
         <load_address>0x15c2</load_address>
         <run_address>0x15c2</run_address>
         <size>0x91</size>
         <input_file_ref idref="fl-d"/>
      </object_component>
      <object_component id="oc-6f">
         <name>.debug_line</name>
         <load_address>0x1653</load_address>
         <run_address>0x1653</run_address>
         <size>0x33</size>
         <input_file_ref idref="fl-c6"/>
      </object_component>
      <object_component id="oc-57">
         <name>.debug_line</name>
         <load_address>0x1686</load_address>
         <run_address>0x1686</run_address>
         <size>0x55</size>
         <input_file_ref idref="fl-c6"/>
      </object_component>
      <object_component id="oc-16b">
         <name>.debug_line</name>
         <load_address>0x16db</load_address>
         <run_address>0x16db</run_address>
         <size>0x3c</size>
         <input_file_ref idref="fl-c7"/>
      </object_component>
      <object_component id="oc-10c">
         <name>.debug_line</name>
         <load_address>0x1717</load_address>
         <run_address>0x1717</run_address>
         <size>0x40</size>
         <input_file_ref idref="fl-cd"/>
      </object_component>
      <object_component id="oc-2f">
         <name>.debug_frame</name>
         <load_address>0x0</load_address>
         <run_address>0x0</run_address>
         <size>0x8c</size>
         <input_file_ref idref="fl-2"/>
      </object_component>
      <object_component id="oc-25">
         <name>.debug_frame</name>
         <load_address>0x8c</load_address>
         <run_address>0x8c</run_address>
         <size>0x90</size>
         <input_file_ref idref="fl-3"/>
      </object_component>
      <object_component id="oc-d0">
         <name>.debug_frame</name>
         <load_address>0x21c</load_address>
         <run_address>0x21c</run_address>
         <size>0x7f</size>
         <input_file_ref idref="fl-9"/>
      </object_component>
      <object_component id="oc-130">
         <name>.debug_frame</name>
         <load_address>0x29b</load_address>
         <run_address>0x29b</run_address>
         <size>0x7f</size>
         <input_file_ref idref="fl-9"/>
      </object_component>
      <object_component id="oc-12a">
         <name>.debug_frame</name>
         <load_address>0x31a</load_address>
         <run_address>0x31a</run_address>
         <size>0x8f</size>
         <input_file_ref idref="fl-9"/>
      </object_component>
      <object_component id="oc-82">
         <name>.debug_frame</name>
         <load_address>0x3a9</load_address>
         <run_address>0x3a9</run_address>
         <size>0x8a</size>
         <input_file_ref idref="fl-9"/>
      </object_component>
      <object_component id="oc-88">
         <name>.debug_frame</name>
         <load_address>0x433</load_address>
         <run_address>0x433</run_address>
         <size>0x86</size>
         <input_file_ref idref="fl-9"/>
      </object_component>
      <object_component id="oc-ca">
         <name>.debug_frame</name>
         <load_address>0x4b9</load_address>
         <run_address>0x4b9</run_address>
         <size>0x7f</size>
         <input_file_ref idref="fl-9"/>
      </object_component>
      <object_component id="oc-94">
         <name>.debug_frame</name>
         <load_address>0x538</load_address>
         <run_address>0x538</run_address>
         <size>0x7f</size>
         <input_file_ref idref="fl-9"/>
      </object_component>
      <object_component id="oc-9a">
         <name>.debug_frame</name>
         <load_address>0x5b7</load_address>
         <run_address>0x5b7</run_address>
         <size>0x7f</size>
         <input_file_ref idref="fl-9"/>
      </object_component>
      <object_component id="oc-d6">
         <name>.debug_frame</name>
         <load_address>0x636</load_address>
         <run_address>0x636</run_address>
         <size>0x7f</size>
         <input_file_ref idref="fl-9"/>
      </object_component>
      <object_component id="oc-b8">
         <name>.debug_frame</name>
         <load_address>0x6b5</load_address>
         <run_address>0x6b5</run_address>
         <size>0x86</size>
         <input_file_ref idref="fl-a"/>
      </object_component>
      <object_component id="oc-8e">
         <name>.debug_frame</name>
         <load_address>0x73b</load_address>
         <run_address>0x73b</run_address>
         <size>0x7f</size>
         <input_file_ref idref="fl-a"/>
      </object_component>
      <object_component id="oc-7c">
         <name>.debug_frame</name>
         <load_address>0x7ba</load_address>
         <run_address>0x7ba</run_address>
         <size>0x7f</size>
         <input_file_ref idref="fl-b"/>
      </object_component>
      <object_component id="oc-76">
         <name>.debug_frame</name>
         <load_address>0x839</load_address>
         <run_address>0x839</run_address>
         <size>0x93</size>
         <input_file_ref idref="fl-b"/>
      </object_component>
      <object_component id="oc-a6">
         <name>.debug_frame</name>
         <load_address>0x8cc</load_address>
         <run_address>0x8cc</run_address>
         <size>0x8e</size>
         <input_file_ref idref="fl-b"/>
      </object_component>
      <object_component id="oc-ac">
         <name>.debug_frame</name>
         <load_address>0x95a</load_address>
         <run_address>0x95a</run_address>
         <size>0x7f</size>
         <input_file_ref idref="fl-c"/>
      </object_component>
      <object_component id="oc-b2">
         <name>.debug_frame</name>
         <load_address>0x9d9</load_address>
         <run_address>0x9d9</run_address>
         <size>0x7f</size>
         <input_file_ref idref="fl-c"/>
      </object_component>
      <object_component id="oc-c4">
         <name>.debug_frame</name>
         <load_address>0xa58</load_address>
         <run_address>0xa58</run_address>
         <size>0x7f</size>
         <input_file_ref idref="fl-c"/>
      </object_component>
      <object_component id="oc-be">
         <name>.debug_frame</name>
         <load_address>0xad7</load_address>
         <run_address>0xad7</run_address>
         <size>0x7f</size>
         <input_file_ref idref="fl-c"/>
      </object_component>
      <object_component id="oc-dc">
         <name>.debug_frame</name>
         <load_address>0xb56</load_address>
         <run_address>0xb56</run_address>
         <size>0x86</size>
         <input_file_ref idref="fl-c"/>
      </object_component>
      <object_component id="oc-a0">
         <name>.debug_frame</name>
         <load_address>0xbdc</load_address>
         <run_address>0xbdc</run_address>
         <size>0x86</size>
         <input_file_ref idref="fl-c"/>
      </object_component>
      <object_component id="oc-148">
         <name>.debug_frame</name>
         <load_address>0xc62</load_address>
         <run_address>0xc62</run_address>
         <size>0x7f</size>
         <input_file_ref idref="fl-d"/>
      </object_component>
      <object_component id="oc-5b">
         <name>.debug_frame</name>
         <load_address>0x11c</load_address>
         <run_address>0x11c</run_address>
         <size>0x58</size>
         <input_file_ref idref="fl-c6"/>
      </object_component>
      <object_component id="oc-16a">
         <name>.debug_frame</name>
         <load_address>0x174</load_address>
         <run_address>0x174</run_address>
         <size>0x54</size>
         <input_file_ref idref="fl-c7"/>
      </object_component>
      <object_component id="oc-10b">
         <name>.debug_frame</name>
         <load_address>0x1c8</load_address>
         <run_address>0x1c8</run_address>
         <size>0x54</size>
         <input_file_ref idref="fl-cd"/>
      </object_component>
      <object_component id="oc-1b8">
         <name>.debug_abbrev</name>
         <load_address>0x0</load_address>
         <run_address>0x0</run_address>
         <size>0x9e</size>
         <input_file_ref idref="fl-2"/>
      </object_component>
      <object_component id="oc-dd">
         <name>.debug_abbrev</name>
         <load_address>0x9e</load_address>
         <run_address>0x9e</run_address>
         <size>0x9b</size>
         <input_file_ref idref="fl-2"/>
      </object_component>
      <object_component id="oc-ec">
         <name>.debug_abbrev</name>
         <load_address>0x139</load_address>
         <run_address>0x139</run_address>
         <size>0x69</size>
         <input_file_ref idref="fl-2"/>
      </object_component>
      <object_component id="oc-e0">
         <name>.debug_abbrev</name>
         <load_address>0x1a2</load_address>
         <run_address>0x1a2</run_address>
         <size>0x1f</size>
         <input_file_ref idref="fl-2"/>
      </object_component>
      <object_component id="oc-152">
         <name>.debug_abbrev</name>
         <load_address>0x1c1</load_address>
         <run_address>0x1c1</run_address>
         <size>0x5c</size>
         <input_file_ref idref="fl-2"/>
      </object_component>
      <object_component id="oc-e5">
         <name>.debug_abbrev</name>
         <load_address>0x21d</load_address>
         <run_address>0x21d</run_address>
         <size>0x24</size>
         <input_file_ref idref="fl-2"/>
      </object_component>
      <object_component id="oc-e8">
         <name>.debug_abbrev</name>
         <load_address>0x241</load_address>
         <run_address>0x241</run_address>
         <size>0x7c</size>
         <input_file_ref idref="fl-3"/>
      </object_component>
      <object_component id="oc-30">
         <name>.debug_abbrev</name>
         <load_address>0x2bd</load_address>
         <run_address>0x2bd</run_address>
         <size>0x29</size>
         <input_file_ref idref="fl-3"/>
      </object_component>
      <object_component id="oc-70">
         <name>.debug_abbrev</name>
         <load_address>0x2e6</load_address>
         <run_address>0x2e6</run_address>
         <size>0x79</size>
         <input_file_ref idref="fl-3"/>
      </object_component>
      <object_component id="oc-3b">
         <name>.debug_abbrev</name>
         <load_address>0x35f</load_address>
         <run_address>0x35f</run_address>
         <size>0x1f</size>
         <input_file_ref idref="fl-3"/>
      </object_component>
      <object_component id="oc-1ad">
         <name>.debug_abbrev</name>
         <load_address>0x37e</load_address>
         <run_address>0x37e</run_address>
         <size>0x72</size>
         <input_file_ref idref="fl-9"/>
      </object_component>
      <object_component id="oc-14d">
         <name>.debug_abbrev</name>
         <load_address>0x3f0</load_address>
         <run_address>0x3f0</run_address>
         <size>0x6c</size>
         <input_file_ref idref="fl-9"/>
      </object_component>
      <object_component id="oc-1ac">
         <name>.debug_abbrev</name>
         <load_address>0x45c</load_address>
         <run_address>0x45c</run_address>
         <size>0x6c</size>
         <input_file_ref idref="fl-9"/>
      </object_component>
      <object_component id="oc-1ab">
         <name>.debug_abbrev</name>
         <load_address>0x4c8</load_address>
         <run_address>0x4c8</run_address>
         <size>0x6c</size>
         <input_file_ref idref="fl-9"/>
      </object_component>
      <object_component id="oc-131">
         <name>.debug_abbrev</name>
         <load_address>0x534</load_address>
         <run_address>0x534</run_address>
         <size>0x7a</size>
         <input_file_ref idref="fl-9"/>
      </object_component>
      <object_component id="oc-133">
         <name>.debug_abbrev</name>
         <load_address>0x5ae</load_address>
         <run_address>0x5ae</run_address>
         <size>0x6c</size>
         <input_file_ref idref="fl-9"/>
      </object_component>
      <object_component id="oc-14c">
         <name>.debug_abbrev</name>
         <load_address>0x61a</load_address>
         <run_address>0x61a</run_address>
         <size>0x6e</size>
         <input_file_ref idref="fl-9"/>
      </object_component>
      <object_component id="oc-139">
         <name>.debug_abbrev</name>
         <load_address>0x688</load_address>
         <run_address>0x688</run_address>
         <size>0x6c</size>
         <input_file_ref idref="fl-9"/>
      </object_component>
      <object_component id="oc-13a">
         <name>.debug_abbrev</name>
         <load_address>0x6f4</load_address>
         <run_address>0x6f4</run_address>
         <size>0x6c</size>
         <input_file_ref idref="fl-9"/>
      </object_component>
      <object_component id="oc-14e">
         <name>.debug_abbrev</name>
         <load_address>0x760</load_address>
         <run_address>0x760</run_address>
         <size>0x6c</size>
         <input_file_ref idref="fl-9"/>
      </object_component>
      <object_component id="oc-120">
         <name>.debug_abbrev</name>
         <load_address>0x7cc</load_address>
         <run_address>0x7cc</run_address>
         <size>0x35</size>
         <input_file_ref idref="fl-9"/>
      </object_component>
      <object_component id="oc-1b1">
         <name>.debug_abbrev</name>
         <load_address>0x801</load_address>
         <run_address>0x801</run_address>
         <size>0x8e</size>
         <input_file_ref idref="fl-a"/>
      </object_component>
      <object_component id="oc-1af">
         <name>.debug_abbrev</name>
         <load_address>0x88f</load_address>
         <run_address>0x88f</run_address>
         <size>0x27</size>
         <input_file_ref idref="fl-a"/>
      </object_component>
      <object_component id="oc-149">
         <name>.debug_abbrev</name>
         <load_address>0x8b6</load_address>
         <run_address>0x8b6</run_address>
         <size>0x60</size>
         <input_file_ref idref="fl-a"/>
      </object_component>
      <object_component id="oc-137">
         <name>.debug_abbrev</name>
         <load_address>0x916</load_address>
         <run_address>0x916</run_address>
         <size>0x6c</size>
         <input_file_ref idref="fl-a"/>
      </object_component>
      <object_component id="oc-1a4">
         <name>.debug_abbrev</name>
         <load_address>0x982</load_address>
         <run_address>0x982</run_address>
         <size>0xb0</size>
         <input_file_ref idref="fl-b"/>
      </object_component>
      <object_component id="oc-1b5">
         <name>.debug_abbrev</name>
         <load_address>0xa32</load_address>
         <run_address>0xa32</run_address>
         <size>0x27</size>
         <input_file_ref idref="fl-b"/>
      </object_component>
      <object_component id="oc-124">
         <name>.debug_abbrev</name>
         <load_address>0xa59</load_address>
         <run_address>0xa59</run_address>
         <size>0x6c</size>
         <input_file_ref idref="fl-b"/>
      </object_component>
      <object_component id="oc-11d">
         <name>.debug_abbrev</name>
         <load_address>0xac5</load_address>
         <run_address>0xac5</run_address>
         <size>0x7a</size>
         <input_file_ref idref="fl-b"/>
      </object_component>
      <object_component id="oc-140">
         <name>.debug_abbrev</name>
         <load_address>0xb3f</load_address>
         <run_address>0xb3f</run_address>
         <size>0x60</size>
         <input_file_ref idref="fl-b"/>
      </object_component>
      <object_component id="oc-1a8">
         <name>.debug_abbrev</name>
         <load_address>0xb9f</load_address>
         <run_address>0xb9f</run_address>
         <size>0x49</size>
         <input_file_ref idref="fl-b"/>
      </object_component>
      <object_component id="oc-1b3">
         <name>.debug_abbrev</name>
         <load_address>0xbe8</load_address>
         <run_address>0xbe8</run_address>
         <size>0x72</size>
         <input_file_ref idref="fl-c"/>
      </object_component>
      <object_component id="oc-141">
         <name>.debug_abbrev</name>
         <load_address>0xc5a</load_address>
         <run_address>0xc5a</run_address>
         <size>0x6c</size>
         <input_file_ref idref="fl-c"/>
      </object_component>
      <object_component id="oc-142">
         <name>.debug_abbrev</name>
         <load_address>0xcc6</load_address>
         <run_address>0xcc6</run_address>
         <size>0x6c</size>
         <input_file_ref idref="fl-c"/>
      </object_component>
      <object_component id="oc-14b">
         <name>.debug_abbrev</name>
         <load_address>0xd32</load_address>
         <run_address>0xd32</run_address>
         <size>0x6c</size>
         <input_file_ref idref="fl-c"/>
      </object_component>
      <object_component id="oc-14a">
         <name>.debug_abbrev</name>
         <load_address>0xd9e</load_address>
         <run_address>0xd9e</run_address>
         <size>0x6c</size>
         <input_file_ref idref="fl-c"/>
      </object_component>
      <object_component id="oc-14f">
         <name>.debug_abbrev</name>
         <load_address>0xe0a</load_address>
         <run_address>0xe0a</run_address>
         <size>0x6c</size>
         <input_file_ref idref="fl-c"/>
      </object_component>
      <object_component id="oc-13b">
         <name>.debug_abbrev</name>
         <load_address>0xe76</load_address>
         <run_address>0xe76</run_address>
         <size>0x6c</size>
         <input_file_ref idref="fl-c"/>
      </object_component>
      <object_component id="oc-1b7">
         <name>.debug_abbrev</name>
         <load_address>0xee2</load_address>
         <run_address>0xee2</run_address>
         <size>0x52</size>
         <input_file_ref idref="fl-d"/>
      </object_component>
      <object_component id="oc-6e">
         <name>.debug_abbrev</name>
         <load_address>0xf34</load_address>
         <run_address>0xf34</run_address>
         <size>0x29</size>
         <input_file_ref idref="fl-c6"/>
      </object_component>
      <object_component id="oc-111">
         <name>.debug_abbrev</name>
         <load_address>0xf5d</load_address>
         <run_address>0xf5d</run_address>
         <size>0x61</size>
         <input_file_ref idref="fl-c6"/>
      </object_component>
      <object_component id="oc-1ba">
         <name>.debug_abbrev</name>
         <load_address>0xfbe</load_address>
         <run_address>0xfbe</run_address>
         <size>0x45</size>
         <input_file_ref idref="fl-c7"/>
      </object_component>
      <object_component id="oc-165">
         <name>.debug_abbrev</name>
         <load_address>0x1003</load_address>
         <run_address>0x1003</run_address>
         <size>0x55</size>
         <input_file_ref idref="fl-cd"/>
      </object_component>
      <object_component id="oc-234">
         <name>.debug_abbrev</name>
         <load_address>0x1058</load_address>
         <run_address>0x1058</run_address>
         <size>0xf</size>
      </object_component>
      <object_component id="oc-ee">
         <name>.debug_str</name>
         <load_address>0x0</load_address>
         <run_address>0x0</run_address>
         <size>0x2a8</size>
         <input_file_ref idref="fl-2"/>
      </object_component>
      <object_component id="oc-e2">
         <name>.debug_str</name>
         <load_address>0x2a8</load_address>
         <run_address>0x2a8</run_address>
         <size>0xfa</size>
         <input_file_ref idref="fl-2"/>
      </object_component>
      <object_component id="oc-154">
         <name>.debug_str</name>
         <load_address>0x3a2</load_address>
         <run_address>0x3a2</run_address>
         <size>0x337</size>
         <input_file_ref idref="fl-2"/>
      </object_component>
      <object_component id="oc-e7">
         <name>.debug_str</name>
         <load_address>0x6d9</load_address>
         <run_address>0x6d9</run_address>
         <size>0x140</size>
         <input_file_ref idref="fl-2"/>
      </object_component>
      <object_component id="oc-3d">
         <name>.debug_str</name>
         <load_address>0x819</load_address>
         <run_address>0x819</run_address>
         <size>0xfa</size>
         <input_file_ref idref="fl-3"/>
      </object_component>
      <object_component id="oc-122">
         <name>.debug_str</name>
         <load_address>0x913</load_address>
         <run_address>0x913</run_address>
         <size>0x241</size>
         <input_file_ref idref="fl-9"/>
      </object_component>
      <object_component id="oc-1aa">
         <name>.debug_str</name>
         <load_address>0xb54</load_address>
         <run_address>0xb54</run_address>
         <size>0x141</size>
         <input_file_ref idref="fl-b"/>
      </object_component>
      <object_component id="oc-2c">
         <name>.debug_aranges</name>
         <load_address>0x0</load_address>
         <run_address>0x0</run_address>
         <size>0x30</size>
         <input_file_ref idref="fl-2"/>
      </object_component>
      <object_component id="oc-28">
         <name>.debug_aranges</name>
         <load_address>0x30</load_address>
         <run_address>0x30</run_address>
         <size>0x38</size>
         <input_file_ref idref="fl-3"/>
      </object_component>
      <object_component id="oc-cd">
         <name>.debug_aranges</name>
         <load_address>0x68</load_address>
         <run_address>0x68</run_address>
         <size>0x20</size>
         <input_file_ref idref="fl-9"/>
      </object_component>
      <object_component id="oc-12d">
         <name>.debug_aranges</name>
         <load_address>0x88</load_address>
         <run_address>0x88</run_address>
         <size>0x20</size>
         <input_file_ref idref="fl-9"/>
      </object_component>
      <object_component id="oc-127">
         <name>.debug_aranges</name>
         <load_address>0xa8</load_address>
         <run_address>0xa8</run_address>
         <size>0x20</size>
         <input_file_ref idref="fl-9"/>
      </object_component>
      <object_component id="oc-7f">
         <name>.debug_aranges</name>
         <load_address>0xc8</load_address>
         <run_address>0xc8</run_address>
         <size>0x20</size>
         <input_file_ref idref="fl-9"/>
      </object_component>
      <object_component id="oc-85">
         <name>.debug_aranges</name>
         <load_address>0xe8</load_address>
         <run_address>0xe8</run_address>
         <size>0x20</size>
         <input_file_ref idref="fl-9"/>
      </object_component>
      <object_component id="oc-c7">
         <name>.debug_aranges</name>
         <load_address>0x108</load_address>
         <run_address>0x108</run_address>
         <size>0x20</size>
         <input_file_ref idref="fl-9"/>
      </object_component>
      <object_component id="oc-91">
         <name>.debug_aranges</name>
         <load_address>0x128</load_address>
         <run_address>0x128</run_address>
         <size>0x20</size>
         <input_file_ref idref="fl-9"/>
      </object_component>
      <object_component id="oc-97">
         <name>.debug_aranges</name>
         <load_address>0x148</load_address>
         <run_address>0x148</run_address>
         <size>0x20</size>
         <input_file_ref idref="fl-9"/>
      </object_component>
      <object_component id="oc-d3">
         <name>.debug_aranges</name>
         <load_address>0x168</load_address>
         <run_address>0x168</run_address>
         <size>0x20</size>
         <input_file_ref idref="fl-9"/>
      </object_component>
      <object_component id="oc-b5">
         <name>.debug_aranges</name>
         <load_address>0x188</load_address>
         <run_address>0x188</run_address>
         <size>0x20</size>
         <input_file_ref idref="fl-a"/>
      </object_component>
      <object_component id="oc-8b">
         <name>.debug_aranges</name>
         <load_address>0x1a8</load_address>
         <run_address>0x1a8</run_address>
         <size>0x20</size>
         <input_file_ref idref="fl-a"/>
      </object_component>
      <object_component id="oc-7a">
         <name>.debug_aranges</name>
         <load_address>0x1c8</load_address>
         <run_address>0x1c8</run_address>
         <size>0x20</size>
         <input_file_ref idref="fl-b"/>
      </object_component>
      <object_component id="oc-73">
         <name>.debug_aranges</name>
         <load_address>0x1e8</load_address>
         <run_address>0x1e8</run_address>
         <size>0x20</size>
         <input_file_ref idref="fl-b"/>
      </object_component>
      <object_component id="oc-a3">
         <name>.debug_aranges</name>
         <load_address>0x208</load_address>
         <run_address>0x208</run_address>
         <size>0x20</size>
         <input_file_ref idref="fl-b"/>
      </object_component>
      <object_component id="oc-a9">
         <name>.debug_aranges</name>
         <load_address>0x228</load_address>
         <run_address>0x228</run_address>
         <size>0x20</size>
         <input_file_ref idref="fl-c"/>
      </object_component>
      <object_component id="oc-af">
         <name>.debug_aranges</name>
         <load_address>0x248</load_address>
         <run_address>0x248</run_address>
         <size>0x20</size>
         <input_file_ref idref="fl-c"/>
      </object_component>
      <object_component id="oc-c1">
         <name>.debug_aranges</name>
         <load_address>0x268</load_address>
         <run_address>0x268</run_address>
         <size>0x20</size>
         <input_file_ref idref="fl-c"/>
      </object_component>
      <object_component id="oc-bb">
         <name>.debug_aranges</name>
         <load_address>0x288</load_address>
         <run_address>0x288</run_address>
         <size>0x20</size>
         <input_file_ref idref="fl-c"/>
      </object_component>
      <object_component id="oc-d9">
         <name>.debug_aranges</name>
         <load_address>0x2a8</load_address>
         <run_address>0x2a8</run_address>
         <size>0x20</size>
         <input_file_ref idref="fl-c"/>
      </object_component>
      <object_component id="oc-9d">
         <name>.debug_aranges</name>
         <load_address>0x2c8</load_address>
         <run_address>0x2c8</run_address>
         <size>0x20</size>
         <input_file_ref idref="fl-c"/>
      </object_component>
      <object_component id="oc-145">
         <name>.debug_aranges</name>
         <load_address>0x2e8</load_address>
         <run_address>0x2e8</run_address>
         <size>0x20</size>
         <input_file_ref idref="fl-d"/>
      </object_component>
      <object_component id="oc-59">
         <name>.debug_aranges</name>
         <load_address>0x308</load_address>
         <run_address>0x308</run_address>
         <size>0x20</size>
         <input_file_ref idref="fl-c6"/>
      </object_component>
      <object_component id="oc-167">
         <name>.debug_aranges</name>
         <load_address>0x328</load_address>
         <run_address>0x328</run_address>
         <size>0x20</size>
         <input_file_ref idref="fl-c7"/>
      </object_component>
      <object_component id="oc-10d">
         <name>.debug_aranges</name>
         <load_address>0x348</load_address>
         <run_address>0x348</run_address>
         <size>0x20</size>
         <input_file_ref idref="fl-cd"/>
      </object_component>
      <object_component id="oc-2d">
         <name>.debug_pubnames</name>
         <load_address>0x0</load_address>
         <run_address>0x0</run_address>
         <size>0x45</size>
         <input_file_ref idref="fl-2"/>
      </object_component>
      <object_component id="oc-11">
         <name>.debug_pubnames</name>
         <load_address>0x45</load_address>
         <run_address>0x45</run_address>
         <size>0x23</size>
         <input_file_ref idref="fl-3"/>
      </object_component>
      <object_component id="oc-27">
         <name>.debug_pubnames</name>
         <load_address>0x68</load_address>
         <run_address>0x68</run_address>
         <size>0x4c</size>
         <input_file_ref idref="fl-3"/>
      </object_component>
      <object_component id="oc-ce">
         <name>.debug_pubnames</name>
         <load_address>0xb4</load_address>
         <run_address>0xb4</run_address>
         <size>0x23</size>
         <input_file_ref idref="fl-9"/>
      </object_component>
      <object_component id="oc-12e">
         <name>.debug_pubnames</name>
         <load_address>0xd7</load_address>
         <run_address>0xd7</run_address>
         <size>0x25</size>
         <input_file_ref idref="fl-9"/>
      </object_component>
      <object_component id="oc-128">
         <name>.debug_pubnames</name>
         <load_address>0xfc</load_address>
         <run_address>0xfc</run_address>
         <size>0x27</size>
         <input_file_ref idref="fl-9"/>
      </object_component>
      <object_component id="oc-80">
         <name>.debug_pubnames</name>
         <load_address>0x123</load_address>
         <run_address>0x123</run_address>
         <size>0x2c</size>
         <input_file_ref idref="fl-9"/>
      </object_component>
      <object_component id="oc-86">
         <name>.debug_pubnames</name>
         <load_address>0x14f</load_address>
         <run_address>0x14f</run_address>
         <size>0x2b</size>
         <input_file_ref idref="fl-9"/>
      </object_component>
      <object_component id="oc-c8">
         <name>.debug_pubnames</name>
         <load_address>0x17a</load_address>
         <run_address>0x17a</run_address>
         <size>0x22</size>
         <input_file_ref idref="fl-9"/>
      </object_component>
      <object_component id="oc-92">
         <name>.debug_pubnames</name>
         <load_address>0x19c</load_address>
         <run_address>0x19c</run_address>
         <size>0x25</size>
         <input_file_ref idref="fl-9"/>
      </object_component>
      <object_component id="oc-98">
         <name>.debug_pubnames</name>
         <load_address>0x1c1</load_address>
         <run_address>0x1c1</run_address>
         <size>0x24</size>
         <input_file_ref idref="fl-9"/>
      </object_component>
      <object_component id="oc-d4">
         <name>.debug_pubnames</name>
         <load_address>0x1e5</load_address>
         <run_address>0x1e5</run_address>
         <size>0x23</size>
         <input_file_ref idref="fl-9"/>
      </object_component>
      <object_component id="oc-136">
         <name>.debug_pubnames</name>
         <load_address>0x208</load_address>
         <run_address>0x208</run_address>
         <size>0x77</size>
         <input_file_ref idref="fl-a"/>
      </object_component>
      <object_component id="oc-b6">
         <name>.debug_pubnames</name>
         <load_address>0x27f</load_address>
         <run_address>0x27f</run_address>
         <size>0x26</size>
         <input_file_ref idref="fl-a"/>
      </object_component>
      <object_component id="oc-8c">
         <name>.debug_pubnames</name>
         <load_address>0x2a5</load_address>
         <run_address>0x2a5</run_address>
         <size>0x20</size>
         <input_file_ref idref="fl-a"/>
      </object_component>
      <object_component id="oc-13f">
         <name>.debug_pubnames</name>
         <load_address>0x2c5</load_address>
         <run_address>0x2c5</run_address>
         <size>0x23</size>
         <input_file_ref idref="fl-b"/>
      </object_component>
      <object_component id="oc-79">
         <name>.debug_pubnames</name>
         <load_address>0x2e8</load_address>
         <run_address>0x2e8</run_address>
         <size>0x2d</size>
         <input_file_ref idref="fl-b"/>
      </object_component>
      <object_component id="oc-74">
         <name>.debug_pubnames</name>
         <load_address>0x315</load_address>
         <run_address>0x315</run_address>
         <size>0x25</size>
         <input_file_ref idref="fl-b"/>
      </object_component>
      <object_component id="oc-a4">
         <name>.debug_pubnames</name>
         <load_address>0x33a</load_address>
         <run_address>0x33a</run_address>
         <size>0x25</size>
         <input_file_ref idref="fl-b"/>
      </object_component>
      <object_component id="oc-aa">
         <name>.debug_pubnames</name>
         <load_address>0x35f</load_address>
         <run_address>0x35f</run_address>
         <size>0x23</size>
         <input_file_ref idref="fl-c"/>
      </object_component>
      <object_component id="oc-b0">
         <name>.debug_pubnames</name>
         <load_address>0x382</load_address>
         <run_address>0x382</run_address>
         <size>0x25</size>
         <input_file_ref idref="fl-c"/>
      </object_component>
      <object_component id="oc-c2">
         <name>.debug_pubnames</name>
         <load_address>0x3a7</load_address>
         <run_address>0x3a7</run_address>
         <size>0x24</size>
         <input_file_ref idref="fl-c"/>
      </object_component>
      <object_component id="oc-bc">
         <name>.debug_pubnames</name>
         <load_address>0x3cb</load_address>
         <run_address>0x3cb</run_address>
         <size>0x22</size>
         <input_file_ref idref="fl-c"/>
      </object_component>
      <object_component id="oc-da">
         <name>.debug_pubnames</name>
         <load_address>0x3ed</load_address>
         <run_address>0x3ed</run_address>
         <size>0x23</size>
         <input_file_ref idref="fl-c"/>
      </object_component>
      <object_component id="oc-9e">
         <name>.debug_pubnames</name>
         <load_address>0x410</load_address>
         <run_address>0x410</run_address>
         <size>0x25</size>
         <input_file_ref idref="fl-c"/>
      </object_component>
      <object_component id="oc-146">
         <name>.debug_pubnames</name>
         <load_address>0x435</load_address>
         <run_address>0x435</run_address>
         <size>0x1f</size>
         <input_file_ref idref="fl-d"/>
      </object_component>
      <object_component id="oc-23">
         <name>.debug_pubnames</name>
         <load_address>0x454</load_address>
         <run_address>0x454</run_address>
         <size>0x1e</size>
         <input_file_ref idref="fl-c6"/>
      </object_component>
      <object_component id="oc-5a">
         <name>.debug_pubnames</name>
         <load_address>0x472</load_address>
         <run_address>0x472</run_address>
         <size>0x2d</size>
         <input_file_ref idref="fl-c6"/>
      </object_component>
      <object_component id="oc-169">
         <name>.debug_pubnames</name>
         <load_address>0x49f</load_address>
         <run_address>0x49f</run_address>
         <size>0x1c</size>
         <input_file_ref idref="fl-c7"/>
      </object_component>
      <object_component id="oc-10f">
         <name>.debug_pubnames</name>
         <load_address>0x4bb</load_address>
         <run_address>0x4bb</run_address>
         <size>0x27</size>
         <input_file_ref idref="fl-cd"/>
      </object_component>
      <object_component id="oc-eb">
         <name>.debug_pubtypes</name>
         <load_address>0x0</load_address>
         <run_address>0x0</run_address>
         <size>0x25c</size>
         <input_file_ref idref="fl-2"/>
      </object_component>
      <object_component id="oc-df">
         <name>.debug_pubtypes</name>
         <load_address>0x25c</load_address>
         <run_address>0x25c</run_address>
         <size>0xff</size>
         <input_file_ref idref="fl-2"/>
      </object_component>
      <object_component id="oc-151">
         <name>.debug_pubtypes</name>
         <load_address>0x35b</load_address>
         <run_address>0x35b</run_address>
         <size>0x325</size>
         <input_file_ref idref="fl-2"/>
      </object_component>
      <object_component id="oc-e4">
         <name>.debug_pubtypes</name>
         <load_address>0x680</load_address>
         <run_address>0x680</run_address>
         <size>0xaa</size>
         <input_file_ref idref="fl-2"/>
      </object_component>
      <object_component id="oc-3a">
         <name>.debug_pubtypes</name>
         <load_address>0x72a</load_address>
         <run_address>0x72a</run_address>
         <size>0xed</size>
         <input_file_ref idref="fl-3"/>
      </object_component>
      <object_component id="oc-11f">
         <name>.debug_pubtypes</name>
         <load_address>0x817</load_address>
         <run_address>0x817</run_address>
         <size>0x1c6</size>
         <input_file_ref idref="fl-9"/>
      </object_component>
      <object_component id="oc-1a7">
         <name>.debug_pubtypes</name>
         <load_address>0x9dd</load_address>
         <run_address>0x9dd</run_address>
         <size>0x28</size>
         <input_file_ref idref="fl-b"/>
      </object_component>
   </object_component_list>
   <logical_group_list>
      <logical_group id="lg-3" display="no" color="cyan">
         <name>.intvecs</name>
         <load_address>0x0</load_address>
         <run_address>0x0</run_address>
         <size>0x26c</size>
         <contents>
            <object_component_ref idref="oc-f"/>
         </contents>
      </logical_group>
      <logical_group id="lg-4" display="no" color="cyan">
         <name>.text</name>
         <load_address>0x26c</load_address>
         <run_address>0x26c</run_address>
         <size>0x6d6</size>
         <contents>
            <object_component_ref idref="oc-125"/>
            <object_component_ref idref="oc-2a"/>
            <object_component_ref idref="oc-a1"/>
            <object_component_ref idref="oc-71"/>
            <object_component_ref idref="oc-89"/>
            <object_component_ref idref="oc-9b"/>
            <object_component_ref idref="oc-8f"/>
            <object_component_ref idref="oc-77"/>
            <object_component_ref idref="oc-56"/>
            <object_component_ref idref="oc-12b"/>
            <object_component_ref idref="oc-7d"/>
            <object_component_ref idref="oc-d7"/>
            <object_component_ref idref="oc-83"/>
            <object_component_ref idref="oc-a7"/>
            <object_component_ref idref="oc-b3"/>
            <object_component_ref idref="oc-b9"/>
            <object_component_ref idref="oc-143"/>
            <object_component_ref idref="oc-95"/>
            <object_component_ref idref="oc-24"/>
            <object_component_ref idref="oc-ad"/>
            <object_component_ref idref="oc-d1"/>
            <object_component_ref idref="oc-c5"/>
            <object_component_ref idref="oc-cb"/>
            <object_component_ref idref="oc-11c"/>
            <object_component_ref idref="oc-bf"/>
            <object_component_ref idref="oc-10a"/>
            <object_component_ref idref="oc-166"/>
         </contents>
      </logical_group>
      <logical_group id="lg-5" display="no" color="cyan">
         <name>.const</name>
         <load_address>0x944</load_address>
         <run_address>0x944</run_address>
         <size>0xdc</size>
         <contents>
            <object_component_ref idref="oc-134"/>
            <object_component_ref idref="oc-13d"/>
         </contents>
      </logical_group>
      <logical_group id="lg-6" display="no" color="cyan">
         <name>.cinit</name>
         <run_address>0x0</run_address>
         <size>0x0</size>
         <contents>
         </contents>
      </logical_group>
      <logical_group id="lg-7" display="no" color="cyan">
         <name>.pinit</name>
         <run_address>0x0</run_address>
         <size>0x0</size>
         <contents>
         </contents>
      </logical_group>
      <logical_group id="lg-8" display="no" color="cyan">
         <name>.init_array</name>
         <run_address>0x0</run_address>
         <size>0x0</size>
         <contents>
         </contents>
      </logical_group>
      <logical_group id="lg-9" display="no" color="cyan">
         <name>.vtable</name>
         <run_address>0x0</run_address>
         <size>0x0</size>
         <contents>
         </contents>
      </logical_group>
      <logical_group id="lg-a" display="no" color="cyan">
         <name>.data</name>
         <run_address>0x0</run_address>
         <size>0x0</size>
         <contents>
         </contents>
      </logical_group>
      <logical_group id="lg-b" display="no" color="cyan">
         <name>.bss</name>
         <run_address>0x0</run_address>
         <size>0x0</size>
         <contents>
         </contents>
      </logical_group>
      <logical_group id="lg-c" display="no" color="cyan">
         <name>.sysmem</name>
         <run_address>0x0</run_address>
         <size>0x0</size>
         <contents>
         </contents>
      </logical_group>
      <logical_group id="lg-d" display="no" color="cyan">
         <name>.stack</name>
         <run_address>0x20000000</run_address>
         <size>0x68</size>
         <contents>
            <object_component_ref idref="oc-21"/>
            <object_component_ref idref="oc-232"/>
         </contents>
      </logical_group>
      <logical_group id="lg-20a" display="no" color="cyan">
         <name>.TI.noinit</name>
         <run_address>0x0</run_address>
         <size>0x0</size>
         <contents>
         </contents>
      </logical_group>
      <logical_group id="lg-20b" display="no" color="cyan">
         <name>.TI.persistent</name>
         <run_address>0x0</run_address>
         <size>0x0</size>
         <contents>
         </contents>
      </logical_group>
      <logical_group id="lg-219" display="never" color="cyan">
         <name>.debug_info</name>
         <load_address>0x0</load_address>
         <run_address>0x0</run_address>
         <size>0x6083</size>
         <contents>
            <object_component_ref idref="oc-155"/>
            <object_component_ref idref="oc-2b"/>
            <object_component_ref idref="oc-ea"/>
            <object_component_ref idref="oc-de"/>
            <object_component_ref idref="oc-150"/>
            <object_component_ref idref="oc-e3"/>
            <object_component_ref idref="oc-32"/>
            <object_component_ref idref="oc-10"/>
            <object_component_ref idref="oc-26"/>
            <object_component_ref idref="oc-39"/>
            <object_component_ref idref="oc-132"/>
            <object_component_ref idref="oc-cc"/>
            <object_component_ref idref="oc-12c"/>
            <object_component_ref idref="oc-126"/>
            <object_component_ref idref="oc-7e"/>
            <object_component_ref idref="oc-84"/>
            <object_component_ref idref="oc-c6"/>
            <object_component_ref idref="oc-90"/>
            <object_component_ref idref="oc-96"/>
            <object_component_ref idref="oc-d2"/>
            <object_component_ref idref="oc-11e"/>
            <object_component_ref idref="oc-138"/>
            <object_component_ref idref="oc-135"/>
            <object_component_ref idref="oc-b4"/>
            <object_component_ref idref="oc-8a"/>
            <object_component_ref idref="oc-123"/>
            <object_component_ref idref="oc-13e"/>
            <object_component_ref idref="oc-78"/>
            <object_component_ref idref="oc-72"/>
            <object_component_ref idref="oc-a2"/>
            <object_component_ref idref="oc-1a6"/>
            <object_component_ref idref="oc-13c"/>
            <object_component_ref idref="oc-a8"/>
            <object_component_ref idref="oc-ae"/>
            <object_component_ref idref="oc-c0"/>
            <object_component_ref idref="oc-ba"/>
            <object_component_ref idref="oc-d8"/>
            <object_component_ref idref="oc-9c"/>
            <object_component_ref idref="oc-144"/>
            <object_component_ref idref="oc-22"/>
            <object_component_ref idref="oc-58"/>
            <object_component_ref idref="oc-168"/>
            <object_component_ref idref="oc-10e"/>
            <object_component_ref idref="oc-233"/>
         </contents>
      </logical_group>
      <logical_group id="lg-21b" display="never" color="cyan">
         <name>.debug_line</name>
         <load_address>0x0</load_address>
         <run_address>0x0</run_address>
         <size>0x1757</size>
         <contents>
            <object_component_ref idref="oc-1b9"/>
            <object_component_ref idref="oc-2e"/>
            <object_component_ref idref="oc-ed"/>
            <object_component_ref idref="oc-e1"/>
            <object_component_ref idref="oc-153"/>
[...]
            <object_component_ref idref="oc-1ae"/>
            <object_component_ref idref="oc-cf"/>
            <object_component_ref idref="oc-12f"/>
            <object_component_ref idref="oc-129"/>
            <object_component_ref idref="oc-81"/>
            <object_component_ref idref="oc-87"/>
            <object_component_ref idref="oc-c9"/>
            <object_component_ref idref="oc-93"/>
            <object_component_ref idref="oc-99"/>
            <object_component_ref idref="oc-d5"/>
            <object_component_ref idref="oc-121"/>
            <object_component_ref idref="oc-1b2"/>
            <object_component_ref idref="oc-1b0"/>
            <object_component_ref idref="oc-b7"/>
            <object_component_ref idref="oc-8d"/>
            <object_component_ref idref="oc-1a5"/>
            <object_component_ref idref="oc-1b6"/>
            <object_component_ref idref="oc-7b"/>
            <object_component_ref idref="oc-75"/>
            <object_component_ref idref="oc-a5"/>
            <object_component_ref idref="oc-1a9"/>
            <object_component_ref idref="oc-1b4"/>
            <object_component_ref idref="oc-ab"/>
            <object_component_ref idref="oc-b1"/>
            <object_component_ref idref="oc-c3"/>
            <object_component_ref idref="oc-bd"/>
            <object_component_ref idref="oc-db"/>
            <object_component_ref idref="oc-9f"/>
            <object_component_ref idref="oc-147"/>
            <object_component_ref idref="oc-6f"/>
            <object_component_ref idref="oc-57"/>
            <object_component_ref idref="oc-16b"/>
            <object_component_ref idref="oc-10c"/>
         </contents>
      </logical_group>
      <logical_group id="lg-21d" display="never" color="cyan">
         <name>.debug_frame</name>
         <load_address>0x0</load_address>
         <run_address>0x0</run_address>
         <size>0xce1</size>
         <contents>
            <object_component_ref idref="oc-2f"/>
            <object_component_ref idref="oc-25"/>
            <object_component_ref idref="oc-d0"/>
            <object_component_ref idref="oc-130"/>
            <object_component_ref idref="oc-12a"/>
            <object_component_ref idref="oc-82"/>
            <object_component_ref idref="oc-88"/>
            <object_component_ref idref="oc-ca"/>
            <object_component_ref idref="oc-94"/>
            <object_component_ref idref="oc-9a"/>
            <object_component_ref idref="oc-d6"/>
            <object_component_ref idref="oc-b8"/>
            <object_component_ref idref="oc-8e"/>
            <object_component_ref idref="oc-7c"/>
            <object_component_ref idref="oc-76"/>
            <object_component_ref idref="oc-a6"/>
            <object_component_ref idref="oc-ac"/>
            <object_component_ref idref="oc-b2"/>
            <object_component_ref idref="oc-c4"/>
            <object_component_ref idref="oc-be"/>
            <object_component_ref idref="oc-dc"/>
            <object_component_ref idref="oc-a0"/>
            <object_component_ref idref="oc-148"/>
            <object_component_ref idref="oc-5b"/>
            <object_component_ref idref="oc-16a"/>
            <object_component_ref idref="oc-10b"/>
         </contents>
      </logical_group>
      <logical_group id="lg-21f" display="never" color="cyan">
         <name>.debug_abbrev</name>
         <load_address>0x0</load_address>
         <run_address>0x0</run_address>
         <size>0x1067</size>
         <contents>
            <object_component_ref idref="oc-1b8"/>
            <object_component_ref idref="oc-dd"/>
            <object_component_ref idref="oc-ec"/>
            <object_component_ref idref="oc-e0"/>
            <object_component_ref idref="oc-152"/>
            <object_component_ref idref="oc-e5"/>
            <object_component_ref idref="oc-e8"/>
            <object_component_ref idref="oc-30"/>
            <object_component_ref idref="oc-70"/>
            <object_component_ref idref="oc-3b"/>
            <object_component_ref idref="oc-1ad"/>
            <object_component_ref idref="oc-14d"/>
            <object_component_ref idref="oc-1ac"/>
            <object_component_ref idref="oc-1ab"/>
            <object_component_ref idref="oc-131"/>
            <object_component_ref idref="oc-133"/>
            <object_component_ref idref="oc-14c"/>
            <object_component_ref idref="oc-139"/>
            <object_component_ref idref="oc-13a"/>
            <object_component_ref idref="oc-14e"/>
            <object_component_ref idref="oc-120"/>
            <object_component_ref idref="oc-1b1"/>
            <object_component_ref idref="oc-1af"/>
            <object_component_ref idref="oc-149"/>
            <object_component_ref idref="oc-137"/>
            <object_component_ref idref="oc-1a4"/>
            <object_component_ref idref="oc-1b5"/>
            <object_component_ref idref="oc-124"/>
            <object_component_ref idref="oc-11d"/>
            <object_component_ref idref="oc-140"/>
            <object_component_ref idref="oc-1a8"/>
            <object_component_ref idref="oc-1b3"/>
            <object_component_ref idref="oc-141"/>
            <object_component_ref idref="oc-142"/>
            <object_component_ref idref="oc-14b"/>
            <object_component_ref idref="oc-14a"/>
            <object_component_ref idref="oc-14f"/>
            <object_component_ref idref="oc-13b"/>
            <object_component_ref idref="oc-1b7"/>
            <object_component_ref idref="oc-6e"/>
            <object_component_ref idref="oc-111"/>
            <object_component_ref idref="oc-1ba"/>
            <object_component_ref idref="oc-165"/>
            <object_component_ref idref="oc-234"/>
         </contents>
      </logical_group>
      <logical_group id="lg-221" display="never" color="cyan">
         <name>.debug_str</name>
         <load_address>0x0</load_address>
         <run_address>0x0</run_address>
         <size>0xc95</size>
         <contents>
            <object_component_ref idref="oc-ee"/>
            <object_component_ref idref="oc-e2"/>
            <object_component_ref idref="oc-154"/>
            <object_component_ref idref="oc-e7"/>
            <object_component_ref idref="oc-3d"/>
            <object_component_ref idref="oc-122"/>
            <object_component_ref idref="oc-1aa"/>
         </contents>
      </logical_group>
      <logical_group id="lg-223" display="never" color="cyan">
         <name>.debug_aranges</name>
         <load_address>0x0</load_address>
         <run_address>0x0</run_address>
         <size>0x368</size>
         <contents>
            <object_component_ref idref="oc-2c"/>
            <object_component_ref idref="oc-28"/>
            <object_component_ref idref="oc-cd"/>
            <object_component_ref idref="oc-12d"/>
            <object_component_ref idref="oc-127"/>
            <object_component_ref idref="oc-7f"/>
            <object_component_ref idref="oc-85"/>
            <object_component_ref idref="oc-c7"/>
            <object_component_ref idref="oc-91"/>
            <object_component_ref idref="oc-97"/>
            <object_component_ref idref="oc-d3"/>
            <object_component_ref idref="oc-b5"/>
            <object_component_ref idref="oc-8b"/>
            <object_component_ref idref="oc-7a"/>
            <object_component_ref idref="oc-73"/>
            <object_component_ref idref="oc-a3"/>
            <object_component_ref idref="oc-a9"/>
            <object_component_ref idref="oc-af"/>
            <object_component_ref idref="oc-c1"/>
            <object_component_ref idref="oc-bb"/>
            <object_component_ref idref="oc-d9"/>
            <object_component_ref idref="oc-9d"/>
            <object_component_ref idref="oc-145"/>
            <object_component_ref idref="oc-59"/>
            <object_component_ref idref="oc-167"/>
            <object_component_ref idref="oc-10d"/>
         </contents>
      </logical_group>
      <logical_group id="lg-225" display="never" color="cyan">
         <name>.debug_pubnames</name>
         <load_address>0x0</load_address>
         <run_address>0x0</run_address>
         <size>0x4e2</size>
         <contents>
            <object_component_ref idref="oc-2d"/>
            <object_component_ref idref="oc-11"/>
            <object_component_ref idref="oc-27"/>
            <object_component_ref idref="oc-ce"/>
            <object_component_ref idref="oc-12e"/>
            <object_component_ref idref="oc-128"/>
            <object_component_ref idref="oc-80"/>
            <object_component_ref idref="oc-86"/>
            <object_component_ref idref="oc-c8"/>
            <object_component_ref idref="oc-92"/>
            <object_component_ref idref="oc-98"/>
            <object_component_ref idref="oc-d4"/>
            <object_component_ref idref="oc-136"/>
            <object_component_ref idref="oc-b6"/>
            <object_component_ref idref="oc-8c"/>
            <object_component_ref idref="oc-13f"/>
            <object_component_ref idref="oc-79"/>
            <object_component_ref idref="oc-74"/>
            <object_component_ref idref="oc-a4"/>
            <object_component_ref idref="oc-aa"/>
            <object_component_ref idref="oc-b0"/>
            <object_component_ref idref="oc-c2"/>
            <object_component_ref idref="oc-bc"/>
            <object_component_ref idref="oc-da"/>
            <object_component_ref idref="oc-9e"/>
            <object_component_ref idref="oc-146"/>
            <object_component_ref idref="oc-23"/>
            <object_component_ref idref="oc-5a"/>
            <object_component_ref idref="oc-169"/>
            <object_component_ref idref="oc-10f"/>
         </contents>
      </logical_group>
      <logical_group id="lg-227" display="never" color="cyan">
         <name>.debug_pubtypes</name>
         <load_address>0x0</load_address>
         <run_address>0x0</run_address>
         <size>0xa05</size>
         <contents>
            <object_component_ref idref="oc-eb"/>
            <object_component_ref idref="oc-df"/>
            <object_component_ref idref="oc-151"/>
            <object_component_ref idref="oc-e4"/>
            <object_component_ref idref="oc-3a"/>
            <object_component_ref idref="oc-11f"/>
            <object_component_ref idref="oc-1a7"/>
         </contents>
      </logical_group>
      <load_segment id="lg-238" display="no" color="cyan">
         <name>SEGMENT_0</name>
         <load_address>0x0</load_address>
         <run_address>0x0</run_address>
         <size>0xa20</size>
         <flags>0x5</flags>
         <contents>
            <logical_group_ref idref="lg-3"/>
            <logical_group_ref idref="lg-4"/>
            <logical_group_ref idref="lg-5"/>
         </contents>
      </load_segment>
      <load_segment id="lg-239" display="no" color="cyan">
         <name>SEGMENT_1</name>
         <run_address>0x20000000</run_address>
         <size>0x68</size>
         <flags>0x6</flags>
         <contents>
            <logical_group_ref idref="lg-d"/>
         </contents>
      </load_segment>
   </logical_group_list>
   <placement_map>
      <memory_area display="yes" color="green">
         <name>FLASH</name>
         <page_id>0x0</page_id>
         <origin>0x0</origin>
         <length>0x40000</length>
         <used_space>0xa1e</used_space>
         <unused_space>0x3f5e2</unused_space>
         <attributes>RX</attributes>
         <usage_details>
            <allocated_space>
               <start_address>0x0</start_address>
               <size>0x26c</size>
               <logical_group_ref idref="lg-3"/>
            </allocated_space>
            <allocated_space>
               <start_address>0x26c</start_address>
               <size>0x6d6</size>
               <logical_group_ref idref="lg-4"/>
            </allocated_space>
            <available_space>
               <start_address>0x942</start_address>
               <size>0x2</size>
            </available_space>
            <allocated_space>
               <start_address>0x944</start_address>
               <size>0xdc</size>
               <logical_group_ref idref="lg-5"/>
            </allocated_space>
            <available_space>
               <start_address>0xa20</start_address>
               <size>0x3f5e0</size>
            </available_space>
         </usage_details>
      </memory_area>
      <memory_area display="yes" color="green">
         <name>SRAM</name>
         <page_id>0x0</page_id>
         <origin>0x20000000</origin>
         <length>0x8000</length>
         <used_space>0x68</used_space>
         <unused_space>0x7f98</unused_space>
         <attributes>RWX</attributes>
         <usage_details>
            <allocated_space>
               <start_address>0x20000000</start_address>
               <size>0x68</size>
               <logical_group_ref idref="lg-d"/>
            </allocated_space>
            <available_space>
               <start_address>0x20000068</start_address>
               <size>0x7f98</size>
            </available_space>
         </usage_details>
      </memory_area>
   </placement_map>
   <symbol_table>
      <symbol id="sm-1">
         <name>__STACK_TOP</name>
         <value>0x20000200</value>
      </symbol>
      <symbol id="sm-2">
         <name>binit</name>
         <value>0xffffffff</value>
      </symbol>
      <symbol id="sm-3">
         <name>__binit__</name>
         <value>0xffffffff</value>
      </symbol>
      <symbol id="sm-4">
         <name>__STACK_SIZE</name>
         <value>0x68</value>
      </symbol>
      <symbol id="sm-5">
         <name>__STACK_END</name>
         <value>0x20000068</value>
      </symbol>
      <symbol id="sm-6">
         <name>__c_args__</name>
         <value>0xffffffff</value>
      </symbol>
      <symbol id="sm-7">
         <name>__TI_pprof_out_hndl</name>
         <value>0xffffffff</value>
      </symbol>
      <symbol id="sm-8">
         <name>__TI_prof_data_start</name>
         <value>0xffffffff</value>
      </symbol>
      <symbol id="sm-9">
         <name>__TI_prof_data_size</name>
         <value>0xffffffff</value>
      </symbol>
      <symbol id="sm-a">
         <name>__TI_static_base__</name>
         <value>0x0</value>
      </symbol>
      <symbol id="sm-50">
         <name>main</name>
         <value>0x3a1</value>
         <object_component_ref idref="oc-2a"/>
      </symbol>
      <symbol id="sm-51">
         <name>Timer0IntHandler</name>
         <value>0x42d</value>
         <object_component_ref idref="oc-2a"/>
      </symbol>
      <symbol id="sm-52">
         <name>Timer1IntHandler</name>
         <value>0x459</value>
         <object_component_ref idref="oc-2a"/>
      </symbol>
      <symbol id="sm-73">
         <name>ResetISR</name>
         <value>0x90b</value>
         <object_component_ref idref="oc-24"/>
      </symbol>
      <symbol id="sm-74">
         <name>g_pfnVectors</name>
         <value>0x0</value>
         <object_component_ref idref="oc-f"/>
      </symbol>
      <symbol id="sm-c9">
         <name>GPIOIntEnable</name>
         <value>0x8ff</value>
         <object_component_ref idref="oc-95"/>
      </symbol>
      <symbol id="sm-ca">
         <name>GPIOIntTypeSet</name>
         <value>0x799</value>
         <object_component_ref idref="oc-8f"/>
      </symbol>
      <symbol id="sm-cb">
         <name>GPIOPinTypeGPIOInput</name>
         <value>0x8b1</value>
         <object_component_ref idref="oc-83"/>
      </symbol>
      <symbol id="sm-cc">
         <name>GPIOIntClear</name>
         <value>0x91f</value>
         <object_component_ref idref="oc-d1"/>
      </symbol>
      <symbol id="sm-cd">
         <name>GPIOPinTypeGPIOOutput</name>
         <value>0x87f</value>
         <object_component_ref idref="oc-7d"/>
      </symbol>
      <symbol id="sm-ce">
         <name>GPIOPinRead</name>
         <value>0x925</value>
         <object_component_ref idref="oc-c5"/>
      </symbol>
      <symbol id="sm-cf">
         <name>GPIODirModeSet</name>
         <value>0x855</value>
         <object_component_ref idref="oc-12b"/>
      </symbol>
      <symbol id="sm-d0">
         <name>GPIOPinWrite</name>
         <value>0x92b</value>
         <object_component_ref idref="oc-cb"/>
      </symbol>
      <symbol id="sm-d1">
         <name>GPIOPadConfigSet</name>
         <value>0x26d</value>
         <object_component_ref idref="oc-125"/>
      </symbol>
      <symbol id="sm-101">
         <name>IntEnable</name>
         <value>0x6d1</value>
         <object_component_ref idref="oc-89"/>
      </symbol>
      <symbol id="sm-102">
         <name>IntMasterEnable</name>
         <value>0x8d5</value>
         <object_component_ref idref="oc-b3"/>
      </symbol>
      <symbol id="sm-154">
         <name>SysCtlClockSet</name>
         <value>0x5dd</value>
         <object_component_ref idref="oc-71"/>
      </symbol>
      <symbol id="sm-155">
         <name>SysCtlDelay</name>
         <value>0x931</value>
         <object_component_ref idref="oc-11c"/>
      </symbol>
      <symbol id="sm-156">
         <name>SysCtlPeripheralEnable</name>
         <value>0x7f1</value>
         <object_component_ref idref="oc-77"/>
      </symbol>
      <symbol id="sm-157">
         <name>SysCtlClockGet</name>
         <value>0x4cd</value>
         <object_component_ref idref="oc-a1"/>
      </symbol>
      <symbol id="sm-195">
         <name>TimerLoadSet</name>
         <value>0x8c3</value>
         <object_component_ref idref="oc-a7"/>
      </symbol>
      <symbol id="sm-196">
         <name>TimerDisable</name>
         <value>0x899</value>
         <object_component_ref idref="oc-d7"/>
      </symbol>
      <symbol id="sm-197">
         <name>TimerEnable</name>
         <value>0x8e5</value>
         <object_component_ref idref="oc-b9"/>
      </symbol>
      <symbol id="sm-198">
         <name>TimerIntEnable</name>
         <value>0x917</value>
         <object_component_ref idref="oc-ad"/>
      </symbol>
      <symbol id="sm-199">
         <name>TimerConfigure</name>
         <value>0x739</value>
         <object_component_ref idref="oc-9b"/>
      </symbol>
      <symbol id="sm-19a">
         <name>TimerIntClear</name>
         <value>0x937</value>
         <object_component_ref idref="oc-bf"/>
      </symbol>
      <symbol id="sm-1a4">
         <name>CPUcpsie</name>
         <value>0x8f3</value>
         <object_component_ref idref="oc-143"/>
      </symbol>
      <symbol id="sm-1b9">
         <name>_c_int00_noinit_noargs</name>
         <value>0x825</value>
         <object_component_ref idref="oc-56"/>
      </symbol>
      <symbol id="sm-1ba">
         <name>__stack</name>
         <value>0x20000000</value>
         <object_component_ref idref="oc-21"/>
      </symbol>
      <symbol id="sm-1c5">
         <name>C$$EXIT</name>
         <value>0x93f</value>
         <object_component_ref idref="oc-166"/>
      </symbol>
      <symbol id="sm-1c6">
         <name>abort</name>
         <value>0x93f</value>
         <object_component_ref idref="oc-166"/>
      </symbol>
      <symbol id="sm-1d5">
         <name>_system_pre_init</name>
         <value>0x93b</value>
         <object_component_ref idref="oc-10a"/>
      </symbol>
      <symbol id="sm-1d7">
         <name>__mpu_init</name>
         <value>0x0</value>
      </symbol>
   </symbol_table>
   <title>Link successful</title>
</link_info>
