******************************************************************************
                  TI ARM Linker PC v18.1.2                     
******************************************************************************
>> Linked Thu Oct  4 23:36:02 2018

OUTPUT FILE NAME:   <lab4.out>
ENTRY POINT SYMBOL: "_c_int00_noinit_noargs"  address: 00000825


MEMORY CONFIGURATION

         name            origin    length      used     unused   attr    fill
----------------------  --------  ---------  --------  --------  ----  --------
  FLASH                 00000000   00040000  00000a1e  0003f5e2  R  X
  SRAM                  20000000   00008000  00000068  00007f98  RW X


SEGMENT ALLOCATION MAP

run origin  load origin   length   init length attrs members
----------  ----------- ---------- ----------- ----- -------
00000000    00000000    00000a20   00000a20    r-x
  00000000    00000000    0000026c   0000026c    r-- .intvecs
  0000026c    0000026c    000006d6   000006d6    r-x .text
  00000944    00000944    000000dc   000000dc    r-- .const
20000000    20000000    00000068   00000000    rw-
  20000000    20000000    00000068   00000000    rw- .stack


SECTION ALLOCATION MAP

 output                                  attributes/
section   page    origin      length       input sections
--------  ----  ----------  ----------   ----------------
.intvecs   0    00000000    0000026c     
                  00000000    0000026c     startup_ccs.obj (.intvecs)

.text      0    0000026c    000006d6     
                  0000026c    00000132     driverlib.lib : gpio.obj (.text:GPIOPadConfigSet)
                  0000039e    00000002     --HOLE-- [fill = 0]
                  000003a0    0000012c     main.obj (.text)
                  000004cc    00000110     driverlib.lib : sysctl.obj (.text:SysCtlClockGet)
                  000005dc    000000f4                   : sysctl.obj (.text:SysCtlClockSet)
                  000006d0    00000068                   : interrupt.obj (.text:IntEnable)
                  00000738    00000060                   : timer.obj (.text:TimerConfigure)
                  00000798    00000056                   : gpio.obj (.text:GPIOIntTypeSet)
                  000007ee    00000002     --HOLE-- [fill = 0]
                  000007f0    00000034                   : sysctl.obj (.text:SysCtlPeripheralEnable)
                  00000824    00000030     rtsv7M4_T_le_v4SPD16_eabi.lib : boot_cortex_m.c.obj (.text:_c_int00_noinit_noargs:_c_int00_noinit_noargs)
                  00000854    0000002a     driverlib.lib : gpio.obj (.text:GPIODirModeSet)
                  0000087e    00000018                   : gpio.obj (.text:GPIOPinTypeGPIOOutput)
                  00000896    00000002     --HOLE-- [fill = 0]
                  00000898    00000018                   : timer.obj (.text:TimerDisable)
                  000008b0    00000012                   : gpio.obj (.text:GPIOPinTypeGPIOInput)
                  000008c2    00000012                   : timer.obj (.text:TimerLoadSet)
                  000008d4    00000010                   : interrupt.obj (.text:IntMasterEnable)
                  000008e4    0000000e                   : timer.obj (.text:TimerEnable)
                  000008f2    0000000c                   : cpu.obj (.text:CPUcpsie)
                  000008fe    0000000c                   : gpio.obj (.text:GPIOIntEnable)
                  0000090a    0000000c     startup_ccs.obj (.text)
                  00000916    00000008     driverlib.lib : timer.obj (.text:TimerIntEnable)
                  0000091e    00000006                   : gpio.obj (.text:GPIOIntClear)
                  00000924    00000006                   : gpio.obj (.text:GPIOPinRead)
                  0000092a    00000006                   : gpio.obj (.text:GPIOPinWrite)
                  00000930    00000006                   : sysctl.obj (.text:SysCtlDelay)
                  00000936    00000004                   : timer.obj (.text:TimerIntClear)
                  0000093a    00000004     rtsv7M4_T_le_v4SPD16_eabi.lib : pre_init.c.obj (.text:_system_pre_init)
                  0000093e    00000004                                   : exit.c.obj (.text:abort:abort)

.const     0    00000944    000000dc     
                  00000944    00000070     driverlib.lib : interrupt.obj (.const)
                  000009b4    0000006c                   : sysctl.obj (.const:g_pui32Xtals)

.cinit     0    00000000    00000000     UNINITIALIZED

.init_array 
*          0    00000000    00000000     UNINITIALIZED

.stack     0    20000000    00000068     UNINITIALIZED
                  20000000    00000004     rtsv7M4_T_le_v4SPD16_eabi.lib : boot_cortex_m.c.obj (.stack)
                  20000004    00000064     --HOLE--

MODULE SUMMARY

       Module                code   ro data   rw data
       ------                ----   -------   -------
    .\
       startup_ccs.obj       12     620       0      
       main.obj              300    0         0      
    +--+---------------------+------+---------+---------+
       Total:                312    620       0      
                                                     
    C:/ti/TivaWare_C_Series-2.1.4.178/driverlib/ccs/Debug/driverlib.lib
       sysctl.obj            574    108       0      
       gpio.obj              506    0         0      
       interrupt.obj         120    112       0      
       timer.obj             164    0         0      
       cpu.obj               12     0         0      
    +--+---------------------+------+---------+---------+
       Total:                1376   220       0      
                                                     
    C:\ti\ccsv8\tools\compiler\ti-cgt-arm_18.1.2.LTS\lib\rtsv7M4_T_le_v4SPD16_eabi.lib
       boot_cortex_m.c.obj   48     0         0      
       exit.c.obj            4      0         0      
       pre_init.c.obj        4      0         0      
    +--+---------------------+------+---------+---------+
       Total:                56     0         0      
                                                     
       Stack:                0      0         104    
    +--+---------------------+------+---------+---------+
       Grand Total:          1744   840       104    


GLOBAL SYMBOLS: SORTED ALPHABETICALLY BY Name 

address   name                  
-------   ----                  
0000093f  C$$EXIT               
000008f3  CPUcpsie              
00000855  GPIODirModeSet        
0000091f  GPIOIntClear          
000008ff  GPIOIntEnable         
00000799  GPIOIntTypeSet        
0000026d  GPIOPadConfigSet      
00000925  GPIOPinRead           
000008b1  GPIOPinTypeGPIOInput  
0000087f  GPIOPinTypeGPIOOutput 
0000092b  GPIOPinWrite          
000006d1  IntEnable             
000008d5  IntMasterEnable       
0000090b  ResetISR              
000004cd  SysCtlClockGet        
000005dd  SysCtlClockSet        
00000931  SysCtlDelay           
000007f1  SysCtlPeripheralEnable
0000042d  Timer0IntHandler      
00000459  Timer1IntHandler      
00000739  TimerConfigure        
00000899  TimerDisable          
000008e5  TimerEnable           
00000937  TimerIntClear         
00000917  TimerIntEnable        
000008c3  TimerLoadSet          
20000068  __STACK_END           
00000068  __STACK_SIZE          
20000200  __STACK_TOP           
ffffffff  __TI_pprof_out_hndl   
ffffffff  __TI_prof_data_size   
ffffffff  __TI_prof_data_start  
00000000  __TI_static_base__    
ffffffff  __binit__             
ffffffff  __c_args__            
UNDEFED   __mpu_init            
20000000  __stack               
00000825  _c_int00_noinit_noargs
0000093b  _system_pre_init      
0000093f  abort                 
ffffffff  binit                 
00000000  g_pfnVectors          
000003a1  main                  


GLOBAL SYMBOLS: SORTED BY Symbol Address 

address   name                  
-------   ----                  
00000000  __TI_static_base__    
00000000  g_pfnVectors          
00000068  __STACK_SIZE          
0000026d  GPIOPadConfigSet      
000003a1  main                  
0000042d  Timer0IntHandler      
00000459  Timer1IntHandler      
000004cd  SysCtlClockGet        
000005dd  SysCtlClockSet        
000006d1  IntEnable             
00000739  TimerConfigure        
00000799  GPIOIntTypeSet        
000007f1  SysCtlPeripheralEnable
00000825  _c_int00_noinit_noargs
00000855  GPIODirModeSet        
0000087f  GPIOPinTypeGPIOOutput 
00000899  TimerDisable          
000008b1  GPIOPinTypeGPIOInput  
000008c3  TimerLoadSet          
000008d5  IntMasterEnable       
000008e5  TimerEnable           
000008f3  CPUcpsie              
000008ff  GPIOIntEnable         
0000090b  ResetISR              
00000917  TimerIntEnable        
0000091f  GPIOIntClear          
00000925  GPIOPinRead           
0000092b  GPIOPinWrite          
00000931  SysCtlDelay           
00000937  TimerIntClear         
0000093b  _system_pre_init      
0000093f  C$$EXIT               
0000093f  abort                 
20000000  __stack               
20000068  __STACK_END           
20000200  __STACK_TOP           
ffffffff  __TI_pprof_out_hndl   
ffffffff  __TI_prof_data_size   
ffffffff  __TI_prof_data_start  
ffffffff  __binit__             
ffffffff  __c_args__            
ffffffff  binit                 
UNDEFED   __mpu_init            

[43 symbols]
