******************************************************************************
                  TI ARM Linker PC v18.1.2                     
******************************************************************************
>> Linked Mon Nov  5 21:23:28 2018

OUTPUT FILE NAME:   <lab15.out>
ENTRY POINT SYMBOL: "_c_int00_noargs"  address: 00001271


MEMORY CONFIGURATION

         name            origin    length      used     unused   attr    fill
----------------------  --------  ---------  --------  --------  ----  --------
  FLASH                 00000000   00040000  00001578  0003ea88  R  X
  SRAM                  20000000   00008000  0000006d  00007f93  RW X


SEGMENT ALLOCATION MAP

run origin  load origin   length   init length attrs members
----------  ----------- ---------- ----------- ----- -------
00000000    00000000    00001578   00001578    r-x
  00000000    00000000    0000026c   0000026c    r-- .intvecs
  0000026c    0000026c    000011c8   000011c8    r-x .text
  00001434    00001434    0000012c   0000012c    r-- .const
  00001560    00001560    00000018   00000018    r-- .cinit
20000000    20000000    0000006d   00000000    rw-
  20000000    20000000    00000068   00000000    rw- .stack
  20000068    20000068    00000005   00000000    rw- .data


SECTION ALLOCATION MAP

 output                                  attributes/
section   page    origin      length       input sections
--------  ----  ----------  ----------   ----------------
.intvecs   0    00000000    0000026c     
                  00000000    0000026c     tm4c123gh6pm_startup_ccs.obj (.intvecs)

.text      0    0000026c    000011c8     
                  0000026c    00000570     main.obj (.text)
                  000007dc    000004dc     uartstdio.obj (.text)
                  00000cb8    00000132     driverlib.lib : gpio.obj (.text:GPIOPadConfigSet)
                  00000dea    00000002     rtsv7M4_T_le_v4SPD16_eabi.lib : div0.asm.obj (.text)
                  00000dec    00000110     driverlib.lib : sysctl.obj (.text:SysCtlClockGet)
                  00000efc    000000f4                   : sysctl.obj (.text:SysCtlClockSet)
                  00000ff0    0000009c     rtsv7M4_T_le_v4SPD16_eabi.lib : memcpy_t2.asm.obj (.text)
                  0000108c    00000068                                   : copy_decompress_lzss.c.obj (.text:decompress:lzss:__TI_decompress_lzss)
                  000010f4    00000064     driverlib.lib : hibernate.obj (.text:HibernateWakeSet)
                  00001158    0000004c                   : i2c.obj (.text:I2CMasterInitExpClk)
                  000011a4    00000048                   : gpio.obj (.text:GPIOPinConfigure)
                  000011ec    00000044     rtsv7M4_T_le_v4SPD16_eabi.lib : autoinit.c.obj (.text:__TI_auto_init_nobinit_nopinit:__TI_auto_init_nobinit_nopinit)
                  00001230    00000040                                   : u_divt2.asm.obj (.text)
                  00001270    00000038                                   : boot_cortex_m.c.obj (.text:_c_int00_noargs:_c_int00_noargs)
                  000012a8    00000034     driverlib.lib : sysctl.obj (.text:SysCtlPeripheralEnable)
                  000012dc    0000002c                   : hibernate.obj (.text:HibernateRTCSet)
                  00001308    0000002a                   : gpio.obj (.text:GPIODirModeSet)
                  00001332    00000002     --HOLE-- [fill = 0]
                  00001334    00000018                   : hibernate.obj (.text:HibernateGPIORetentionEnable)
                  0000134c    00000014                   : hibernate.obj (.text:HibernateEnableExpClk)
                  00001360    00000014                   : hibernate.obj (.text:HibernateRTCEnable)
                  00001374    00000014                   : hibernate.obj (.text:HibernateRequest)
                  00001388    00000012                   : gpio.obj (.text:GPIOPinTypeI2C)
                  0000139a    00000012                   : gpio.obj (.text:GPIOPinTypeI2CSCL)
                  000013ac    00000012                   : gpio.obj (.text:GPIOPinTypeUART)
                  000013be    00000002     --HOLE-- [fill = 0]
                  000013c0    00000010                   : hibernate.obj (.text:HibernateRTCMatchSet)
                  000013d0    00000010                   : hibernate.obj (.text:_HibernateWriteComplete)
                  000013e0    0000000e     rtsv7M4_T_le_v4SPD16_eabi.lib : copy_decompress_none.c.obj (.text:decompress:none:__TI_decompress_none)
                  000013ee    0000000c     tm4c123gh6pm_startup_ccs.obj (.text)
                  000013fa    0000000a     driverlib.lib : i2c.obj (.text:I2CMasterEnable)
                  00001404    00000008                   : i2c.obj (.text:I2CMasterBusy)
                  0000140c    00000008                   : i2c.obj (.text:I2CMasterSlaveAddrSet)
                  00001414    00000006                   : sysctl.obj (.text:SysCtlDelay)
                  0000141a    00000006                   : uart.obj (.text:UARTClockSourceSet)
                  00001420    00000004                   : i2c.obj (.text:I2CMasterControl)
                  00001424    00000004                   : i2c.obj (.text:I2CMasterDataGet)
                  00001428    00000004                   : i2c.obj (.text:I2CMasterDataPut)
                  0000142c    00000004     rtsv7M4_T_le_v4SPD16_eabi.lib : pre_init.c.obj (.text:_system_pre_init)
                  00001430    00000004                                   : exit.c.obj (.text:abort:abort)

.const     0    00001434    0000012c     
                  00001434    00000090     driverlib.lib : gpio.obj (.const:g_pui32GPIOBaseAddrs)
                  000014c4    0000006c                   : sysctl.obj (.const:g_pui32Xtals)
                  00001530    00000012     uartstdio.obj (.const:.string)
                  00001542    00000002     --HOLE-- [fill = 0]
                  00001544    0000000c     uartstdio.obj (.const:g_ui32UARTBase)
                  00001550    0000000c     uartstdio.obj (.const:g_ui32UARTPeriph)
                  0000155c    00000004     uartstdio.obj (.const)

.cinit     0    00001560    00000018     
                  00001560    00000008     (__TI_handler_table)
                  00001568    00000007     (.cinit..data.load) [load image, compression = lzss]
                  0000156f    00000001     --HOLE-- [fill = 0]
                  00001570    00000008     (__TI_cinit_table)

.init_array 
*          0    00000000    00000000     UNINITIALIZED

.data      0    20000068    00000005     UNINITIALIZED
                  20000068    00000005     uartstdio.obj (.data)

.stack     0    20000000    00000068     UNINITIALIZED
                  20000000    00000004     rtsv7M4_T_le_v4SPD16_eabi.lib : boot_cortex_m.c.obj (.stack)
                  20000004    00000064     --HOLE--

MODULE SUMMARY

       Module                         code   ro data   rw data
       ------                         ----   -------   -------
    .\
       main.obj                       1392   0         0      
       uartstdio.obj                  1244   46        5      
       tm4c123gh6pm_startup_ccs.obj   12     620       0      
    +--+------------------------------+------+---------+---------+
       Total:                         2648   666       5      
                                                              
    C:/ti/TivaWare_C_Series-2.1.4.178/driverlib/ccs/Debug/driverlib.lib
       sysctl.obj                     574    108       0      
       gpio.obj                       474    144       0      
       hibernate.obj                  260    0         0      
       i2c.obj                        114    0         0      
       uart.obj                       6      0         0      
    +--+------------------------------+------+---------+---------+
       Total:                         1428   252       0      
                                                              
    C:\ti\ccsv8\tools\compiler\ti-cgt-arm_18.1.2.LTS\lib\rtsv7M4_T_le_v4SPD16_eabi.lib
       memcpy_t2.asm.obj              156    0         0      
       copy_decompress_lzss.c.obj     104    0         0      
       autoinit.c.obj                 68     0         0      
       u_divt2.asm.obj                64     0         0      
       boot_cortex_m.c.obj            56     0         0      
       copy_decompress_none.c.obj     14     0         0      
       exit.c.obj                     4      0         0      
       pre_init.c.obj                 4      0         0      
       div0.asm.obj                   2      0         0      
    +--+------------------------------+------+---------+---------+
       Total:                         472    0         0      
                                                              
       Stack:                         0      0         104    
       Linker Generated:              0      23        0      
    +--+------------------------------+------+---------+---------+
       Grand Total:                   4548   941       109    


LINKER GENERATED COPY TABLES

__TI_cinit_table @ 00001570 records: 1, size/record: 8, table size: 8
	.data: load addr=00001568, load size=00000007 bytes, run addr=20000068, run size=00000005 bytes, compression=lzss


LINKER GENERATED HANDLER TABLE

__TI_handler_table @ 00001560 records: 2, size/record: 4, table size: 8
	index: 0, handler: __TI_decompress_lzss
	index: 1, handler: __TI_decompress_none


GLOBAL SYMBOLS: SORTED ALPHABETICALLY BY Name 

address   name                          
-------   ----                          
00001431  C$$EXIT                       
0000026d  ConfigureUART                 
00001309  GPIODirModeSet                
00000cb9  GPIOPadConfigSet              
000011a5  GPIOPinConfigure              
00001389  GPIOPinTypeI2C                
0000139b  GPIOPinTypeI2CSCL             
000013ad  GPIOPinTypeUART               
000004c9  GetLuminosity                 
0000134d  HibernateEnableExpClk         
00001335  HibernateGPIORetentionEnable  
00001361  HibernateRTCEnable            
000013c1  HibernateRTCMatchSet          
000012dd  HibernateRTCSet               
00001375  HibernateRequest              
000010f5  HibernateWakeSet              
000002a7  I2C0_Init                     
000003f7  I2C0_Read                     
000002eb  I2C0_Write                    
00001405  I2CMasterBusy                 
00001421  I2CMasterControl              
00001425  I2CMasterDataGet              
00001429  I2CMasterDataPut              
000013fb  I2CMasterEnable               
00001159  I2CMasterInitExpClk           
0000140d  I2CMasterSlaveAddrSet         
000013ef  ResetISR                      
00000ded  SysCtlClockGet                
00000efd  SysCtlClockSet                
00001415  SysCtlDelay                   
000012a9  SysCtlPeripheralEnable        
0000046d  TSL2591_init                  
0000141b  UARTClockSourceSet            
000007dd  UARTStdioConfig               
00000955  UARTgetc                      
0000088f  UARTgets                      
00000c83  UARTprintf                    
00000989  UARTvprintf                   
0000083d  UARTwrite                     
20000068  __STACK_END                   
00000068  __STACK_SIZE                  
20000200  __STACK_TOP                   
00001570  __TI_CINIT_Base               
00001578  __TI_CINIT_Limit              
00001560  __TI_Handler_Table_Base       
00001568  __TI_Handler_Table_Limit      
000011ed  __TI_auto_init_nobinit_nopinit
0000108d  __TI_decompress_lzss          
000013e1  __TI_decompress_none          
ffffffff  __TI_pprof_out_hndl           
ffffffff  __TI_prof_data_size           
ffffffff  __TI_prof_data_start          
00000000  __TI_static_base__            
00000deb  __aeabi_idiv0                 
00000deb  __aeabi_ldiv0                 
00000ff1  __aeabi_memcpy                
00000ff1  __aeabi_memcpy4               
00000ff1  __aeabi_memcpy8               
00001231  __aeabi_uidiv                 
00001231  __aeabi_uidivmod              
ffffffff  __binit__                     
ffffffff  __c_args__                    
UNDEFED   __mpu_init                    
20000000  __stack                       
00001271  _c_int00_noargs               
UNDEFED   _system_post_cinit            
0000142d  _system_pre_init              
00001431  abort                         
ffffffff  binit                         
00000000  g_pfnVectors                  
000005c9  main                          
00000ff1  memcpy                        


GLOBAL SYMBOLS: SORTED BY Symbol Address 

address   name                          
-------   ----                          
00000000  __TI_static_base__            
00000000  g_pfnVectors                  
00000068  __STACK_SIZE                  
0000026d  ConfigureUART                 
000002a7  I2C0_Init                     
000002eb  I2C0_Write                    
000003f7  I2C0_Read                     
0000046d  TSL2591_init                  
000004c9  GetLuminosity                 
000005c9  main                          
000007dd  UARTStdioConfig               
0000083d  UARTwrite                     
0000088f  UARTgets                      
00000955  UARTgetc                      
00000989  UARTvprintf                   
00000c83  UARTprintf                    
00000cb9  GPIOPadConfigSet              
00000deb  __aeabi_idiv0                 
00000deb  __aeabi_ldiv0                 
00000ded  SysCtlClockGet                
00000efd  SysCtlClockSet                
00000ff1  __aeabi_memcpy                
00000ff1  __aeabi_memcpy4               
00000ff1  __aeabi_memcpy8               
00000ff1  memcpy                        
0000108d  __TI_decompress_lzss          
000010f5  HibernateWakeSet              
00001159  I2CMasterInitExpClk           
000011a5  GPIOPinConfigure              
000011ed  __TI_auto_init_nobinit_nopinit
00001231  __aeabi_uidiv                 
00001231  __aeabi_uidivmod              
00001271  _c_int00_noargs               
000012a9  SysCtlPeripheralEnable        
000012dd  HibernateRTCSet               
00001309  GPIODirModeSet                
00001335  HibernateGPIORetentionEnable  
0000134d  HibernateEnableExpClk         
00001361  HibernateRTCEnable            
00001375  HibernateRequest              
00001389  GPIOPinTypeI2C                
0000139b  GPIOPinTypeI2CSCL             
000013ad  GPIOPinTypeUART               
000013c1  HibernateRTCMatchSet          
000013e1  __TI_decompress_none          
000013ef  ResetISR                      
000013fb  I2CMasterEnable               
00001405  I2CMasterBusy                 
0000140d  I2CMasterSlaveAddrSet         
00001415  SysCtlDelay                   
0000141b  UARTClockSourceSet            
00001421  I2CMasterControl              
00001425  I2CMasterDataGet              
00001429  I2CMasterDataPut              
0000142d  _system_pre_init              
00001431  C$$EXIT                       
00001431  abort                         
00001560  __TI_Handler_Table_Base       
00001568  __TI_Handler_Table_Limit      
00001570  __TI_CINIT_Base               
00001578  __TI_CINIT_Limit              
20000000  __stack                       
20000068  __STACK_END                   
20000200  __STACK_TOP                   
ffffffff  __TI_pprof_out_hndl           
ffffffff  __TI_prof_data_size           
ffffffff  __TI_prof_data_start          
ffffffff  __binit__                     
ffffffff  __c_args__                    
ffffffff  binit                         
UNDEFED   __mpu_init                    
UNDEFED   _system_post_cinit            

[72 symbols]
