******************************************************************************
                  TI ARM Linker PC v18.1.2                     
******************************************************************************
>> Linked Fri Oct 12 18:45:28 2018

OUTPUT FILE NAME:   <lab12.out>
ENTRY POINT SYMBOL: "_c_int00_noargs"  address: 00000aa1


MEMORY CONFIGURATION

         name            origin    length      used     unused   attr    fill
----------------------  --------  ---------  --------  --------  ----  --------
  FLASH                 00000000   00040000  00000e24  0003f1dc  R  X
  SRAM                  20000000   00008000  00000094  00007f6c  RW X


SEGMENT ALLOCATION MAP

run origin  load origin   length   init length attrs members
----------  ----------- ---------- ----------- ----- -------
00000000    00000000    00000e24   00000e24    r-x
  00000000    00000000    0000026c   0000026c    r-- .intvecs
  0000026c    0000026c    00000a38   00000a38    r-x .text
  00000ca4    00000ca4    0000016c   0000016c    r-- .const
  00000e10    00000e10    00000014   00000014    r-- .cinit
20000000    20000000    00000094   00000000    rw-
  20000000    20000000    00000068   00000000    rw- .stack
  20000068    20000068    0000002c   00000000    rw- .bss


SECTION ALLOCATION MAP

 output                                  attributes/
section   page    origin      length       input sections
--------  ----  ----------  ----------   ----------------
.intvecs   0    00000000    0000026c     
                  00000000    0000026c     tm4c123gh6pm_startup_ccs.obj (.intvecs)

.text      0    0000026c    00000a38     
                  0000026c    000002f4     main.obj (.text)
                  00000560    00000132     driverlib.lib : gpio.obj (.text:GPIOPadConfigSet)
                  00000692    00000002     --HOLE-- [fill = 0]
                  00000694    00000110                   : sysctl.obj (.text:SysCtlClockGet)
                  000007a4    000000f4                   : sysctl.obj (.text:SysCtlClockSet)
                  00000898    0000007a                   : adc.obj (.text:ADCSequenceStepConfigure)
                  00000912    00000002     --HOLE-- [fill = 0]
                  00000914    00000068                   : interrupt.obj (.text:IntEnable)
                  0000097c    00000050                   : adc.obj (.text:ADCSequenceConfigure)
                  000009cc    00000048                   : gpio.obj (.text:GPIOPinConfigure)
                  00000a14    00000046                   : uart.obj (.text:UARTConfigSetExpClk)
                  00000a5a    00000002     --HOLE-- [fill = 0]
                  00000a5c    00000044     rtsv7M4_T_le_v4SPD16_eabi.lib : autoinit.c.obj (.text:__TI_auto_init_nobinit_nopinit:__TI_auto_init_nobinit_nopinit)
                  00000aa0    00000038                                   : boot_cortex_m.c.obj (.text:_c_int00_noargs:_c_int00_noargs)
                  00000ad8    00000034     driverlib.lib : sysctl.obj (.text:SysCtlPeripheralEnable)
                  00000b0c    0000002e                   : adc.obj (.text:ADCIntStatus)
                  00000b3a    0000002a                   : gpio.obj (.text:GPIODirModeSet)
                  00000b64    00000020                   : uart.obj (.text:UARTDisable)
                  00000b84    0000001e                   : adc.obj (.text:ADCSequenceDataGet)
                  00000ba2    00000018                   : adc.obj (.text:ADCProcessorTrigger)
                  00000bba    00000018                   : gpio.obj (.text:GPIOPinTypeGPIOOutput)
                  00000bd2    00000014                   : uart.obj (.text:UARTEnable)
                  00000be6    00000012                   : gpio.obj (.text:GPIOPinTypeUART)
                  00000bf8    00000012     rtsv7M4_T_le_v4SPD16_eabi.lib : copy_zero_init.c.obj (.text:decompress:ZI:__TI_zero_init_nomemset:__TI_zero_init_nomemset)
                  00000c0a    00000010     driverlib.lib : interrupt.obj (.text:IntMasterEnable)
                  00000c1a    0000000e                   : adc.obj (.text:ADCHardwareOversampleConfigure)
                  00000c28    0000000e                   : adc.obj (.text:ADCSequenceEnable)
                  00000c36    0000000e                   : uart.obj (.text:UARTCharsAvail)
                  00000c44    0000000c                   : cpu.obj (.text:CPUcpsie)
                  00000c50    0000000c     tm4c123gh6pm_startup_ccs.obj (.text)
                  00000c5c    0000000a     driverlib.lib : adc.obj (.text:ADCIntClear)
                  00000c66    0000000a                   : uart.obj (.text:UARTCharGet)
                  00000c70    0000000a                   : uart.obj (.text:UARTCharPut)
                  00000c7a    0000000a                   : uart.obj (.text:UARTIntStatus)
                  00000c84    00000008                   : uart.obj (.text:UARTIntEnable)
                  00000c8c    00000006                   : gpio.obj (.text:GPIOPinWrite)
                  00000c92    00000006                   : sysctl.obj (.text:SysCtlDelay)
                  00000c98    00000004                   : uart.obj (.text:UARTIntClear)
                  00000c9c    00000004     rtsv7M4_T_le_v4SPD16_eabi.lib : pre_init.c.obj (.text:_system_pre_init)
                  00000ca0    00000004                                   : exit.c.obj (.text:abort:abort)

.const     0    00000ca4    0000016c     
                  00000ca4    00000090     driverlib.lib : gpio.obj (.const:g_pui32GPIOBaseAddrs)
                  00000d34    00000070                   : interrupt.obj (.const)
                  00000da4    0000006c                   : sysctl.obj (.const:g_pui32Xtals)

.cinit     0    00000e10    00000014     
                  00000e10    00000008     (.cinit..bss.load) [load image, compression = zero_init]
                  00000e18    00000004     (__TI_handler_table)
                  00000e1c    00000008     (__TI_cinit_table)

.init_array 
*          0    00000000    00000000     UNINITIALIZED

.bss       0    20000068    0000002c     UNINITIALIZED
                  20000068    00000010     (.common:ui32ADC0Value)
                  20000078    00000004     (.common:nC)
                  2000007c    00000004     (.common:nF)
                  20000080    00000004     (.common:tempC)
                  20000084    00000004     (.common:tempF)
                  20000088    00000004     (.common:ui32TempAvg)
                  2000008c    00000004     (.common:ui32TempValueC)
                  20000090    00000004     (.common:ui32TempValueF)

.stack     0    20000000    00000068     UNINITIALIZED
                  20000000    00000004     rtsv7M4_T_le_v4SPD16_eabi.lib : boot_cortex_m.c.obj (.stack)
                  20000004    00000064     --HOLE--

MODULE SUMMARY

       Module                         code   ro data   rw data
       ------                         ----   -------   -------
    .\
       main.obj                       756    0         44     
       tm4c123gh6pm_startup_ccs.obj   12     620       0      
    +--+------------------------------+------+---------+---------+
       Total:                         768    620       44     
                                                              
    C:/ti/TivaWare_C_Series-2.1.4.178/driverlib/ccs/Debug/driverlib.lib
       sysctl.obj                     574    108       0      
       gpio.obj                       468    144       0      
       adc.obj                        340    0         0      
       interrupt.obj                  120    112       0      
       uart.obj                       178    0         0      
       cpu.obj                        12     0         0      
    +--+------------------------------+------+---------+---------+
       Total:                         1692   364       0      
                                                              
    C:\ti\ccsv8\tools\compiler\ti-cgt-arm_18.1.2.LTS\lib\rtsv7M4_T_le_v4SPD16_eabi.lib
       autoinit.c.obj                 68     0         0      
       boot_cortex_m.c.obj            56     0         0      
       copy_zero_init.c.obj           18     0         0      
       exit.c.obj                     4      0         0      
       pre_init.c.obj                 4      0         0      
    +--+------------------------------+------+---------+---------+
       Total:                         150    0         0      
                                                              
       Stack:                         0      0         104    
       Linker Generated:              0      20        0      
    +--+------------------------------+------+---------+---------+
       Grand Total:                   2610   1004      148    


LINKER GENERATED COPY TABLES

__TI_cinit_table @ 00000e1c records: 1, size/record: 8, table size: 8
	.bss: load addr=00000e10, load size=00000008 bytes, run addr=20000068, run size=0000002c bytes, compression=zero_init


LINKER GENERATED HANDLER TABLE

__TI_handler_table @ 00000e18 records: 1, size/record: 4, table size: 4
	index: 0, handler: __TI_zero_init


GLOBAL SYMBOLS: SORTED ALPHABETICALLY BY Name 

address   name                          
-------   ----                          
00000c1b  ADCHardwareOversampleConfigure
00000c5d  ADCIntClear                   
00000b0d  ADCIntStatus                  
00000ba3  ADCProcessorTrigger           
0000097d  ADCSequenceConfigure          
00000b85  ADCSequenceDataGet            
00000c29  ADCSequenceEnable             
00000899  ADCSequenceStepConfigure      
00000ca1  C$$EXIT                       
00000c45  CPUcpsie                      
00000b3b  GPIODirModeSet                
00000561  GPIOPadConfigSet              
000009cd  GPIOPinConfigure              
00000bbb  GPIOPinTypeGPIOOutput         
00000be7  GPIOPinTypeUART               
00000c8d  GPIOPinWrite                  
00000915  IntEnable                     
00000c0b  IntMasterEnable               
00000c51  ResetISR                      
00000695  SysCtlClockGet                
000007a5  SysCtlClockSet                
00000c93  SysCtlDelay                   
00000ad9  SysCtlPeripheralEnable        
00000c67  UARTCharGet                   
00000c71  UARTCharPut                   
00000c37  UARTCharsAvail                
00000a15  UARTConfigSetExpClk           
00000b65  UARTDisable                   
00000bd3  UARTEnable                    
00000c99  UARTIntClear                  
00000c85  UARTIntEnable                 
0000026d  UARTIntHandler                
00000c7b  UARTIntStatus                 
20000068  __STACK_END                   
00000068  __STACK_SIZE                  
20000200  __STACK_TOP                   
00000e1c  __TI_CINIT_Base               
00000e24  __TI_CINIT_Limit              
00000e18  __TI_Handler_Table_Base       
00000e1c  __TI_Handler_Table_Limit      
00000a5d  __TI_auto_init_nobinit_nopinit
ffffffff  __TI_pprof_out_hndl           
ffffffff  __TI_prof_data_size           
ffffffff  __TI_prof_data_start          
00000000  __TI_static_base__            
00000bf9  __TI_zero_init_nomemset       
ffffffff  __binit__                     
ffffffff  __c_args__                    
UNDEFED   __mpu_init                    
20000000  __stack                       
00000aa1  _c_int00_noargs               
UNDEFED   _system_post_cinit            
00000c9d  _system_pre_init              
00000ca1  abort                         
ffffffff  binit                         
00000000  g_pfnVectors                  
000002c7  main                          
20000078  nC                            
2000007c  nF                            
20000080  tempC                         
20000084  tempF                         
20000068  ui32ADC0Value                 
20000088  ui32TempAvg                   
2000008c  ui32TempValueC                
20000090  ui32TempValueF                


GLOBAL SYMBOLS: SORTED BY Symbol Address 

address   name                          
-------   ----                          
00000000  __TI_static_base__            
00000000  g_pfnVectors                  
00000068  __STACK_SIZE                  
0000026d  UARTIntHandler                
000002c7  main                          
00000561  GPIOPadConfigSet              
00000695  SysCtlClockGet                
000007a5  SysCtlClockSet                
00000899  ADCSequenceStepConfigure      
00000915  IntEnable                     
0000097d  ADCSequenceConfigure          
000009cd  GPIOPinConfigure              
00000a15  UARTConfigSetExpClk           
00000a5d  __TI_auto_init_nobinit_nopinit
00000aa1  _c_int00_noargs               
00000ad9  SysCtlPeripheralEnable        
00000b0d  ADCIntStatus                  
00000b3b  GPIODirModeSet                
00000b65  UARTDisable                   
00000b85  ADCSequenceDataGet            
00000ba3  ADCProcessorTrigger           
00000bbb  GPIOPinTypeGPIOOutput         
00000bd3  UARTEnable                    
00000be7  GPIOPinTypeUART               
00000bf9  __TI_zero_init_nomemset       
00000c0b  IntMasterEnable               
00000c1b  ADCHardwareOversampleConfigure
00000c29  ADCSequenceEnable             
00000c37  UARTCharsAvail                
00000c45  CPUcpsie                      
00000c51  ResetISR                      
00000c5d  ADCIntClear                   
00000c67  UARTCharGet                   
00000c71  UARTCharPut                   
00000c7b  UARTIntStatus                 
00000c85  UARTIntEnable                 
00000c8d  GPIOPinWrite                  
00000c93  SysCtlDelay                   
00000c99  UARTIntClear                  
00000c9d  _system_pre_init              
00000ca1  C$$EXIT                       
00000ca1  abort                         
00000e18  __TI_Handler_Table_Base       
00000e1c  __TI_CINIT_Base               
00000e1c  __TI_Handler_Table_Limit      
00000e24  __TI_CINIT_Limit              
20000000  __stack                       
20000068  __STACK_END                   
20000068  ui32ADC0Value                 
20000078  nC                            
2000007c  nF                            
20000080  tempC                         
20000084  tempF                         
20000088  ui32TempAvg                   
2000008c  ui32TempValueC                
20000090  ui32TempValueF                
20000200  __STACK_TOP                   
ffffffff  __TI_pprof_out_hndl           
ffffffff  __TI_prof_data_size           
ffffffff  __TI_prof_data_start          
ffffffff  __binit__                     
ffffffff  __c_args__                    
ffffffff  binit                         
UNDEFED   __mpu_init                    
UNDEFED   _system_post_cinit            

[65 symbols]
